0 verbose cli /data/data/com.termux/files/usr/bin/node /data/data/com.termux/files/usr/bin/npm
1 info using npm@11.13.0
2 info using node@v24.14.1
3 silly config load:file:/data/data/com.termux/files/usr/lib/node_modules/npm/npmrc
4 silly config load:file:/data/data/com.termux/files/home/.npmrc
5 silly config load:file:/data/data/com.termux/files/usr/etc/npmrc
6 verbose title npm install npm
7 verbose argv "install" "--global" "npm"
8 verbose logfile logs-max:10 dir:/data/data/com.termux/files/home/.npm/_logs/2026-04-30T20_01_34_618Z-
9 verbose logfile /data/data/com.termux/files/home/.npm/_logs/2026-04-30T20_01_34_618Z-debug-0.log
10 silly logfile done cleaning log files
11 http fetch GET 200 https://registry.npmjs.org/npm 344ms (cache miss)
12 silly packumentCache heap:1174405120 maxSize:293601280 maxEntrySize:146800640
13 silly idealTree buildDeps
14 silly fetch manifest npm@*
15 silly packumentCache full:https://registry.npmjs.org/npm cache-miss
16 http fetch GET 200 https://registry.npmjs.org/npm 1627ms (cache miss)
17 silly packumentCache full:https://registry.npmjs.org/npm set size:undefined disposed:false
18 silly placeDep ROOT npm@11.13.0 OK for:  want: *
19 silly reify mark retired [
19 silly reify   '/data/data/com.termux/files/usr/lib/node_modules/npm',
19 silly reify   '/data/data/com.termux/files/usr/bin/npm',
19 silly reify   '/data/data/com.termux/files/usr/bin/npx'
19 silly reify ]
20 silly reify moves {
20 silly reify   '/data/data/com.termux/files/usr/lib/node_modules/npm': '/data/data/com.termux/files/usr/lib/node_modules/.npm-Ad3JtrjG',
20 silly reify   '/data/data/com.termux/files/usr/bin/npm': '/data/data/com.termux/files/usr/bin/.npm-9oXEyzxI',
20 silly reify   '/data/data/com.termux/files/usr/bin/npx': '/data/data/com.termux/files/usr/bin/.npx-vlNjOz4J'
20 silly reify }
21 http cache npm@https://registry.npmjs.org/npm/-/npm-11.13.0.tgz 1ms (cache hit)
22 silly tarball no local data for npm@https://registry.npmjs.org/npm/-/npm-11.13.0.tgz. Extracting by manifest.
23 http fetch GET 200 https://registry.npmjs.org/npm/-/npm-11.13.0.tgz 899ms (cache miss)
24 silly CHANGE node_modules/npm
25 silly CHANGE node_modules/npm/node_modules/@npmcli/installed-package-contents
26 silly CHANGE node_modules/npm/node_modules/@npmcli/arborist
27 silly CHANGE node_modules/npm/node_modules/which
28 silly CHANGE node_modules/npm/node_modules/semver
29 silly CHANGE node_modules/npm/node_modules/qrcode-terminal
30 silly CHANGE node_modules/npm/node_modules/pacote
31 silly CHANGE node_modules/npm/node_modules/nopt
32 silly CHANGE node_modules/npm/node_modules/node-gyp
33 silly CHANGE node_modules/npm/node_modules/cssesc
34 verbose cwd /data/data/com.termux/files/home
35 verbose os Linux 6.6.77-android15-8-31998796-abogkiS938USQS9BZBH-4k
36 verbose node v24.14.1
37 verbose npm  v11.13.0
38 verbose exit 0
39 info ok
