0 verbose cli /data/data/com.termux/files/usr/bin/node /data/data/com.termux/files/usr/bin/npm
1 info using npm@11.13.0
2 info using node@v25.8.2
3 silly config load:file:/data/data/com.termux/files/usr/lib/node_modules/npm/npmrc
4 silly config load:file:/data/data/com.termux/files/home/.npmrc
5 silly config load:file:/data/data/com.termux/files/usr/etc/npmrc
6 verbose title npm install react-native-cli
7 verbose argv "install" "--global" "react-native-cli"
8 verbose logfile logs-max:10 dir:/data/data/com.termux/files/home/.npm/_logs/2026-05-02T23_27_15_957Z-
9 verbose logfile /data/data/com.termux/files/home/.npm/_logs/2026-05-02T23_27_15_957Z-debug-0.log
10 silly packumentCache heap:1174405120 maxSize:293601280 maxEntrySize:146800640
11 silly logfile done cleaning log files
12 silly idealTree buildDeps
13 silly fetch manifest react-native-cli@*
14 silly packumentCache full:https://registry.npmjs.org/react-native-cli cache-miss
15 http fetch GET 200 https://registry.npmjs.org/react-native-cli 235ms (cache miss)
16 silly packumentCache full:https://registry.npmjs.org/react-native-cli set size:undefined disposed:false
17 silly placeDep ROOT react-native-cli@2.0.1 OK for:  want: *
18 silly fetch manifest chalk@^1.1.1
19 silly packumentCache full:https://registry.npmjs.org/chalk cache-miss
20 silly fetch manifest minimist@^1.2.0
21 silly packumentCache full:https://registry.npmjs.org/minimist cache-miss
22 silly fetch manifest prompt@^0.2.14
23 silly packumentCache full:https://registry.npmjs.org/prompt cache-miss
24 silly fetch manifest semver@^5.0.3
25 silly packumentCache full:https://registry.npmjs.org/semver cache-miss
26 http fetch GET 200 https://registry.npmjs.org/npm 292ms
27 http fetch GET 200 https://registry.npmjs.org/chalk 92ms (cache miss)
28 silly packumentCache full:https://registry.npmjs.org/chalk set size:undefined disposed:false
29 http fetch GET 200 https://registry.npmjs.org/prompt 207ms (cache miss)
30 silly packumentCache full:https://registry.npmjs.org/prompt set size:undefined disposed:false
31 http fetch GET 200 https://registry.npmjs.org/minimist 214ms (cache miss)
32 silly packumentCache full:https://registry.npmjs.org/minimist set size:undefined disposed:false
33 http fetch GET 200 https://registry.npmjs.org/semver 220ms (cache miss)
34 silly packumentCache full:https://registry.npmjs.org/semver set size:undefined disposed:false
35 silly placeDep node_modules/react-native-cli chalk@1.1.3 OK for: react-native-cli@2.0.1 want: ^1.1.1
36 silly placeDep node_modules/react-native-cli minimist@1.2.8 OK for: react-native-cli@2.0.1 want: ^1.2.0
37 silly placeDep node_modules/react-native-cli prompt@0.2.14 OK for: react-native-cli@2.0.1 want: ^0.2.14
38 silly placeDep node_modules/react-native-cli semver@5.7.2 OK for: react-native-cli@2.0.1 want: ^5.0.3
39 silly fetch manifest has-ansi@^2.0.0
40 silly packumentCache full:https://registry.npmjs.org/has-ansi cache-miss
41 silly fetch manifest strip-ansi@^3.0.0
42 silly packumentCache full:https://registry.npmjs.org/strip-ansi cache-miss
43 silly fetch manifest ansi-styles@^2.2.1
44 silly packumentCache full:https://registry.npmjs.org/ansi-styles cache-miss
45 silly fetch manifest supports-color@^2.0.0
46 silly packumentCache full:https://registry.npmjs.org/supports-color cache-miss
47 silly fetch manifest escape-string-regexp@^1.0.2
48 silly packumentCache full:https://registry.npmjs.org/escape-string-regexp cache-miss
49 silly fetch manifest read@1.0.x
50 silly packumentCache full:https://registry.npmjs.org/read cache-miss
51 silly fetch manifest utile@0.2.x
52 silly packumentCache full:https://registry.npmjs.org/utile cache-miss
53 http fetch GET 200 https://registry.npmjs.org/strip-ansi 50ms (cache miss)
54 silly packumentCache full:https://registry.npmjs.org/strip-ansi set size:undefined disposed:false
55 silly fetch manifest pkginfo@0.x.x
56 silly packumentCache full:https://registry.npmjs.org/pkginfo cache-miss
57 http fetch GET 200 https://registry.npmjs.org/ansi-styles 58ms (cache miss)
58 silly packumentCache full:https://registry.npmjs.org/ansi-styles set size:undefined disposed:false
59 silly fetch manifest winston@0.8.x
60 silly packumentCache full:https://registry.npmjs.org/winston cache-miss
61 http fetch GET 200 https://registry.npmjs.org/supports-color 59ms (cache miss)
62 silly packumentCache full:https://registry.npmjs.org/supports-color set size:undefined disposed:false
63 silly fetch manifest revalidator@0.1.x
64 silly packumentCache full:https://registry.npmjs.org/revalidator cache-miss
65 http fetch GET 200 https://registry.npmjs.org/escape-string-regexp 61ms (cache miss)
66 silly packumentCache full:https://registry.npmjs.org/escape-string-regexp set size:undefined disposed:false
67 http fetch GET 200 https://registry.npmjs.org/pkginfo 46ms (cache miss)
68 silly packumentCache full:https://registry.npmjs.org/pkginfo set size:undefined disposed:false
69 http fetch GET 200 https://registry.npmjs.org/winston 64ms (cache miss)
70 silly packumentCache full:https://registry.npmjs.org/winston set size:undefined disposed:false
71 http fetch GET 200 https://registry.npmjs.org/revalidator 80ms (cache miss)
72 silly packumentCache full:https://registry.npmjs.org/revalidator set size:undefined disposed:false
73 http fetch GET 200 https://registry.npmjs.org/has-ansi 147ms (cache miss)
74 silly packumentCache full:https://registry.npmjs.org/has-ansi set size:undefined disposed:false
75 http fetch GET 200 https://registry.npmjs.org/utile 147ms (cache miss)
76 silly packumentCache full:https://registry.npmjs.org/utile set size:undefined disposed:false
77 http fetch GET 200 https://registry.npmjs.org/read 148ms (cache miss)
78 silly packumentCache full:https://registry.npmjs.org/read set size:undefined disposed:false
79 silly placeDep node_modules/react-native-cli ansi-styles@2.2.1 OK for: chalk@1.1.3 want: ^2.2.1
80 silly placeDep node_modules/react-native-cli escape-string-regexp@1.0.5 OK for: chalk@1.1.3 want: ^1.0.2
81 silly placeDep node_modules/react-native-cli has-ansi@2.0.0 OK for: chalk@1.1.3 want: ^2.0.0
82 silly placeDep node_modules/react-native-cli strip-ansi@3.0.1 OK for: chalk@1.1.3 want: ^3.0.0
83 silly placeDep node_modules/react-native-cli supports-color@2.0.0 OK for: chalk@1.1.3 want: ^2.0.0
84 silly fetch manifest ansi-regex@^2.0.0
85 silly packumentCache full:https://registry.npmjs.org/ansi-regex cache-miss
86 silly fetch manifest ansi-regex@^2.0.0
87 silly packumentCache full:https://registry.npmjs.org/ansi-regex cache-miss
88 http fetch GET 200 https://registry.npmjs.org/ansi-regex 49ms (cache miss)
89 silly packumentCache full:https://registry.npmjs.org/ansi-regex set size:undefined disposed:false
90 http fetch GET 200 https://registry.npmjs.org/ansi-regex 52ms (cache miss)
91 silly packumentCache full:https://registry.npmjs.org/ansi-regex set size:undefined disposed:false
92 silly placeDep node_modules/react-native-cli ansi-regex@2.1.1 OK for: has-ansi@2.0.0 want: ^2.0.0
93 silly placeDep node_modules/react-native-cli pkginfo@0.4.1 OK for: prompt@0.2.14 want: 0.x.x
94 silly placeDep node_modules/react-native-cli read@1.0.7 OK for: prompt@0.2.14 want: 1.0.x
95 silly placeDep node_modules/react-native-cli revalidator@0.1.8 OK for: prompt@0.2.14 want: 0.1.x
96 silly placeDep node_modules/react-native-cli utile@0.2.1 OK for: prompt@0.2.14 want: 0.2.x
97 silly placeDep node_modules/react-native-cli winston@0.8.3 OK for: prompt@0.2.14 want: 0.8.x
98 silly fetch manifest mute-stream@~0.0.4
99 silly packumentCache full:https://registry.npmjs.org/mute-stream cache-miss
100 silly fetch manifest async@~0.2.9
101 silly packumentCache full:https://registry.npmjs.org/async cache-miss
102 silly fetch manifest deep-equal@*
103 silly packumentCache full:https://registry.npmjs.org/deep-equal cache-miss
104 silly fetch manifest i@0.3.x
105 silly packumentCache full:https://registry.npmjs.org/i cache-miss
106 silly fetch manifest mkdirp@0.x.x
107 silly packumentCache full:https://registry.npmjs.org/mkdirp cache-miss
108 silly fetch manifest ncp@0.4.x
109 silly packumentCache full:https://registry.npmjs.org/ncp cache-miss
110 silly fetch manifest rimraf@2.x.x
111 silly packumentCache full:https://registry.npmjs.org/rimraf cache-miss
112 http fetch GET 200 https://registry.npmjs.org/ncp 60ms (cache miss)
113 silly packumentCache full:https://registry.npmjs.org/ncp set size:undefined disposed:false
114 silly fetch manifest eyes@0.1.x
115 silly packumentCache full:https://registry.npmjs.org/eyes cache-miss
116 http fetch GET 200 https://registry.npmjs.org/mute-stream 69ms (cache miss)
117 silly packumentCache full:https://registry.npmjs.org/mute-stream set size:undefined disposed:false
118 silly fetch manifest async@0.2.x
119 silly packumentCache full:https://registry.npmjs.org/async cache-miss
120 http fetch GET 200 https://registry.npmjs.org/i 71ms (cache miss)
121 silly packumentCache full:https://registry.npmjs.org/i set size:undefined disposed:false
122 silly fetch manifest cycle@1.0.x
123 silly packumentCache full:https://registry.npmjs.org/cycle cache-miss
124 http fetch GET 200 https://registry.npmjs.org/async 75ms (cache miss)
125 silly packumentCache full:https://registry.npmjs.org/async set size:undefined disposed:false
126 silly fetch manifest colors@0.6.x
127 silly packumentCache full:https://registry.npmjs.org/colors cache-miss
128 http fetch GET 200 https://registry.npmjs.org/rimraf 78ms (cache miss)
129 silly packumentCache full:https://registry.npmjs.org/rimraf set size:undefined disposed:false
130 silly fetch manifest pkginfo@0.3.x
131 silly packumentCache full:https://registry.npmjs.org/pkginfo cache-miss
132 http fetch GET 200 https://registry.npmjs.org/mkdirp 85ms (cache miss)
133 silly packumentCache full:https://registry.npmjs.org/mkdirp set size:undefined disposed:false
134 silly fetch manifest isstream@0.1.x
135 silly packumentCache full:https://registry.npmjs.org/isstream cache-miss
136 http fetch GET 200 https://registry.npmjs.org/deep-equal 94ms (cache miss)
137 silly packumentCache full:https://registry.npmjs.org/deep-equal set size:undefined disposed:false
138 silly fetch manifest stack-trace@0.0.x
139 silly packumentCache full:https://registry.npmjs.org/stack-trace cache-miss
140 http cache https://registry.npmjs.org/pkginfo 21ms (cache hit)
141 silly packumentCache full:https://registry.npmjs.org/pkginfo set size:12349 disposed:false
142 http fetch GET 200 https://registry.npmjs.org/eyes 78ms (cache miss)
143 silly packumentCache full:https://registry.npmjs.org/eyes set size:undefined disposed:false
144 http fetch GET 200 https://registry.npmjs.org/cycle 73ms (cache miss)
145 silly packumentCache full:https://registry.npmjs.org/cycle set size:undefined disposed:false
146 http fetch GET 200 https://registry.npmjs.org/colors 68ms (cache miss)
147 silly packumentCache full:https://registry.npmjs.org/colors set size:undefined disposed:false
148 http fetch GET 200 https://registry.npmjs.org/async 78ms (cache miss)
149 silly packumentCache full:https://registry.npmjs.org/async set size:undefined disposed:false
150 http fetch GET 200 https://registry.npmjs.org/isstream 59ms (cache miss)
151 silly packumentCache full:https://registry.npmjs.org/isstream set size:undefined disposed:false
152 http fetch GET 200 https://registry.npmjs.org/stack-trace 62ms (cache miss)
153 silly packumentCache full:https://registry.npmjs.org/stack-trace set size:undefined disposed:false
154 silly placeDep node_modules/react-native-cli mute-stream@0.0.8 OK for: read@1.0.7 want: ~0.0.4
155 silly placeDep node_modules/react-native-cli async@0.2.10 OK for: utile@0.2.1 want: ~0.2.9
156 silly placeDep node_modules/react-native-cli deep-equal@2.2.3 OK for: utile@0.2.1 want: *
157 silly placeDep node_modules/react-native-cli i@0.3.7 OK for: utile@0.2.1 want: 0.3.x
158 silly placeDep node_modules/react-native-cli mkdirp@0.5.6 OK for: utile@0.2.1 want: 0.x.x
159 silly placeDep node_modules/react-native-cli ncp@0.4.2 OK for: utile@0.2.1 want: 0.4.x
160 silly placeDep node_modules/react-native-cli rimraf@2.7.1 OK for: utile@0.2.1 want: 2.x.x
161 silly fetch manifest array-buffer-byte-length@^1.0.0
162 silly packumentCache full:https://registry.npmjs.org/array-buffer-byte-length cache-miss
163 silly fetch manifest call-bind@^1.0.5
164 silly packumentCache full:https://registry.npmjs.org/call-bind cache-miss
165 silly fetch manifest es-get-iterator@^1.1.3
166 silly packumentCache full:https://registry.npmjs.org/es-get-iterator cache-miss
167 silly fetch manifest get-intrinsic@^1.2.2
168 silly packumentCache full:https://registry.npmjs.org/get-intrinsic cache-miss
169 silly fetch manifest is-arguments@^1.1.1
170 silly packumentCache full:https://registry.npmjs.org/is-arguments cache-miss
171 silly fetch manifest is-array-buffer@^3.0.2
172 silly packumentCache full:https://registry.npmjs.org/is-array-buffer cache-miss
173 silly fetch manifest is-date-object@^1.0.5
174 silly packumentCache full:https://registry.npmjs.org/is-date-object cache-miss
175 http fetch GET 200 https://registry.npmjs.org/array-buffer-byte-length 57ms (cache miss)
176 silly packumentCache full:https://registry.npmjs.org/array-buffer-byte-length set size:undefined disposed:false
177 silly fetch manifest is-regex@^1.1.4
178 silly packumentCache full:https://registry.npmjs.org/is-regex cache-miss
179 http fetch GET 200 https://registry.npmjs.org/is-date-object 57ms (cache miss)
180 silly packumentCache full:https://registry.npmjs.org/is-date-object set size:undefined disposed:false
181 silly fetch manifest is-shared-array-buffer@^1.0.2
182 silly packumentCache full:https://registry.npmjs.org/is-shared-array-buffer cache-miss
183 http fetch GET 200 https://registry.npmjs.org/is-arguments 59ms (cache miss)
184 silly packumentCache full:https://registry.npmjs.org/is-arguments set size:undefined disposed:false
185 silly fetch manifest isarray@^2.0.5
186 silly packumentCache full:https://registry.npmjs.org/isarray cache-miss
187 http fetch GET 200 https://registry.npmjs.org/es-get-iterator 61ms (cache miss)
188 silly packumentCache full:https://registry.npmjs.org/es-get-iterator set size:undefined disposed:false
189 silly fetch manifest object-is@^1.1.5
190 silly packumentCache full:https://registry.npmjs.org/object-is cache-miss
191 http fetch GET 200 https://registry.npmjs.org/call-bind 63ms (cache miss)
192 silly packumentCache full:https://registry.npmjs.org/call-bind set size:undefined disposed:false
193 silly fetch manifest object-keys@^1.1.1
194 silly packumentCache full:https://registry.npmjs.org/object-keys cache-miss
195 http fetch GET 200 https://registry.npmjs.org/get-intrinsic 64ms (cache miss)
196 silly packumentCache full:https://registry.npmjs.org/get-intrinsic set size:undefined disposed:false
197 silly fetch manifest object.assign@^4.1.4
198 silly packumentCache full:https://registry.npmjs.org/object.assign cache-miss
199 http fetch GET 200 https://registry.npmjs.org/is-array-buffer 65ms (cache miss)
200 silly packumentCache full:https://registry.npmjs.org/is-array-buffer set size:undefined disposed:false
201 silly fetch manifest regexp.prototype.flags@^1.5.1
202 silly packumentCache full:https://registry.npmjs.org/regexp.prototype.flags cache-miss
203 http fetch GET 200 https://registry.npmjs.org/is-regex 61ms (cache miss)
204 silly packumentCache full:https://registry.npmjs.org/is-regex set size:undefined disposed:false
205 silly fetch manifest side-channel@^1.0.4
206 silly packumentCache full:https://registry.npmjs.org/side-channel cache-miss
207 http fetch GET 200 https://registry.npmjs.org/isarray 60ms (cache miss)
208 silly packumentCache full:https://registry.npmjs.org/isarray set size:undefined disposed:false
209 silly fetch manifest which-boxed-primitive@^1.0.2
210 silly packumentCache full:https://registry.npmjs.org/which-boxed-primitive cache-miss
211 http fetch GET 200 https://registry.npmjs.org/is-shared-array-buffer 62ms (cache miss)
212 silly packumentCache full:https://registry.npmjs.org/is-shared-array-buffer set size:undefined disposed:false
213 silly fetch manifest which-collection@^1.0.1
214 silly packumentCache full:https://registry.npmjs.org/which-collection cache-miss
215 http fetch GET 200 https://registry.npmjs.org/object-is 61ms (cache miss)
216 silly packumentCache full:https://registry.npmjs.org/object-is set size:undefined disposed:false
217 silly fetch manifest which-typed-array@^1.1.13
218 silly packumentCache full:https://registry.npmjs.org/which-typed-array cache-miss
219 http fetch GET 200 https://registry.npmjs.org/regexp.prototype.flags 58ms (cache miss)
220 silly packumentCache full:https://registry.npmjs.org/regexp.prototype.flags set size:undefined disposed:false
221 silly fetch manifest glob@^7.1.3
222 silly packumentCache full:https://registry.npmjs.org/glob cache-miss
223 http fetch GET 200 https://registry.npmjs.org/object-keys 61ms (cache miss)
224 silly packumentCache full:https://registry.npmjs.org/object-keys set size:undefined disposed:false
225 http fetch GET 200 https://registry.npmjs.org/object.assign 66ms (cache miss)
226 silly packumentCache full:https://registry.npmjs.org/object.assign set size:undefined disposed:false
227 http fetch GET 200 https://registry.npmjs.org/side-channel 51ms (cache miss)
228 silly packumentCache full:https://registry.npmjs.org/side-channel set size:undefined disposed:false
229 http fetch GET 200 https://registry.npmjs.org/which-boxed-primitive 50ms (cache miss)
230 silly packumentCache full:https://registry.npmjs.org/which-boxed-primitive set size:undefined disposed:false
231 http fetch GET 200 https://registry.npmjs.org/which-collection 54ms (cache miss)
232 silly packumentCache full:https://registry.npmjs.org/which-collection set size:undefined disposed:false
233 http fetch GET 200 https://registry.npmjs.org/which-typed-array 53ms (cache miss)
234 silly packumentCache full:https://registry.npmjs.org/which-typed-array set size:undefined disposed:false
235 http fetch GET 200 https://registry.npmjs.org/glob 80ms (cache miss)
236 silly packumentCache full:https://registry.npmjs.org/glob set size:undefined disposed:false
237 silly placeDep node_modules/react-native-cli array-buffer-byte-length@1.0.2 OK for: deep-equal@2.2.3 want: ^1.0.0
238 silly placeDep node_modules/react-native-cli call-bind@1.0.9 OK for: deep-equal@2.2.3 want: ^1.0.5
239 silly placeDep node_modules/react-native-cli es-get-iterator@1.1.3 OK for: deep-equal@2.2.3 want: ^1.1.3
240 silly placeDep node_modules/react-native-cli get-intrinsic@1.3.0 OK for: deep-equal@2.2.3 want: ^1.2.2
241 silly placeDep node_modules/react-native-cli is-arguments@1.2.0 OK for: deep-equal@2.2.3 want: ^1.1.1
242 silly placeDep node_modules/react-native-cli is-array-buffer@3.0.5 OK for: deep-equal@2.2.3 want: ^3.0.2
243 silly placeDep node_modules/react-native-cli is-date-object@1.1.0 OK for: deep-equal@2.2.3 want: ^1.0.5
244 silly placeDep node_modules/react-native-cli is-regex@1.2.1 OK for: deep-equal@2.2.3 want: ^1.1.4
245 silly placeDep node_modules/react-native-cli is-shared-array-buffer@1.0.4 OK for: deep-equal@2.2.3 want: ^1.0.2
246 silly placeDep node_modules/react-native-cli isarray@2.0.5 OK for: deep-equal@2.2.3 want: ^2.0.5
247 silly placeDep node_modules/react-native-cli object-is@1.1.6 OK for: deep-equal@2.2.3 want: ^1.1.5
248 silly placeDep node_modules/react-native-cli object-keys@1.1.1 OK for: deep-equal@2.2.3 want: ^1.1.1
249 silly placeDep node_modules/react-native-cli object.assign@4.1.7 OK for: deep-equal@2.2.3 want: ^4.1.4
250 silly placeDep node_modules/react-native-cli regexp.prototype.flags@1.5.4 OK for: deep-equal@2.2.3 want: ^1.5.1
251 silly placeDep node_modules/react-native-cli side-channel@1.1.0 OK for: deep-equal@2.2.3 want: ^1.0.4
252 silly placeDep node_modules/react-native-cli which-boxed-primitive@1.1.1 OK for: deep-equal@2.2.3 want: ^1.0.2
253 silly placeDep node_modules/react-native-cli which-collection@1.0.2 OK for: deep-equal@2.2.3 want: ^1.0.1
254 silly placeDep node_modules/react-native-cli which-typed-array@1.1.20 OK for: deep-equal@2.2.3 want: ^1.1.13
255 silly fetch manifest call-bound@^1.0.3
256 silly packumentCache full:https://registry.npmjs.org/call-bound cache-miss
257 silly fetch manifest is-array-buffer@^3.0.5
258 silly packumentCache full:https://registry.npmjs.org/is-array-buffer cache-miss
259 silly fetch manifest call-bind-apply-helpers@^1.0.2
260 silly packumentCache full:https://registry.npmjs.org/call-bind-apply-helpers cache-miss
261 silly fetch manifest es-define-property@^1.0.1
262 silly packumentCache full:https://registry.npmjs.org/es-define-property cache-miss
263 silly fetch manifest get-intrinsic@^1.3.0
264 silly packumentCache full:https://registry.npmjs.org/get-intrinsic cache-miss
265 silly fetch manifest set-function-length@^1.2.2
266 silly packumentCache full:https://registry.npmjs.org/set-function-length cache-miss
267 silly fetch manifest get-intrinsic@^1.1.3
268 silly packumentCache full:https://registry.npmjs.org/get-intrinsic cache-miss
269 http cache https://registry.npmjs.org/is-array-buffer 6ms (cache hit)
270 silly packumentCache full:https://registry.npmjs.org/is-array-buffer set size:33562 disposed:false
271 silly fetch manifest has-symbols@^1.0.3
272 silly packumentCache full:https://registry.npmjs.org/has-symbols cache-miss
273 http cache https://registry.npmjs.org/get-intrinsic 6ms (cache hit)
274 silly packumentCache full:https://registry.npmjs.org/get-intrinsic set size:60985 disposed:false
275 silly fetch manifest is-map@^2.0.2
276 silly packumentCache full:https://registry.npmjs.org/is-map cache-miss
277 http cache https://registry.npmjs.org/get-intrinsic 7ms (cache hit)
278 silly packumentCache full:https://registry.npmjs.org/get-intrinsic set size:60985 disposed:false
279 silly packumentCache full:https://registry.npmjs.org/get-intrinsic dispose
280 silly fetch manifest is-set@^2.0.2
281 silly packumentCache full:https://registry.npmjs.org/is-set cache-miss
282 http fetch GET 200 https://registry.npmjs.org/call-bound 39ms (cache miss)
283 silly packumentCache full:https://registry.npmjs.org/call-bound set size:undefined disposed:false
284 silly fetch manifest is-string@^1.0.7
285 silly packumentCache full:https://registry.npmjs.org/is-string cache-miss
286 http fetch GET 200 https://registry.npmjs.org/es-define-property 43ms (cache miss)
287 silly packumentCache full:https://registry.npmjs.org/es-define-property set size:undefined disposed:false
288 silly fetch manifest stop-iteration-iterator@^1.0.0
289 silly packumentCache full:https://registry.npmjs.org/stop-iteration-iterator cache-miss
290 http fetch GET 200 https://registry.npmjs.org/call-bind-apply-helpers 47ms (cache miss)
291 silly packumentCache full:https://registry.npmjs.org/call-bind-apply-helpers set size:undefined disposed:false
292 silly fetch manifest gopd@^1.2.0
293 silly packumentCache full:https://registry.npmjs.org/gopd cache-miss
294 http fetch GET 200 https://registry.npmjs.org/set-function-length 48ms (cache miss)
295 silly packumentCache full:https://registry.npmjs.org/set-function-length set size:undefined disposed:false
296 silly fetch manifest hasown@^2.0.2
297 silly packumentCache full:https://registry.npmjs.org/hasown cache-miss
298 http fetch GET 200 https://registry.npmjs.org/has-symbols 52ms (cache miss)
299 silly packumentCache full:https://registry.npmjs.org/has-symbols set size:undefined disposed:false
300 silly fetch manifest es-errors@^1.3.0
301 silly packumentCache full:https://registry.npmjs.org/es-errors cache-miss
302 http fetch GET 200 https://registry.npmjs.org/is-map 52ms (cache miss)
303 silly packumentCache full:https://registry.npmjs.org/is-map set size:undefined disposed:false
304 silly fetch manifest get-proto@^1.0.1
305 silly packumentCache full:https://registry.npmjs.org/get-proto cache-miss
306 http fetch GET 200 https://registry.npmjs.org/is-set 53ms (cache miss)
307 silly packumentCache full:https://registry.npmjs.org/is-set set size:undefined disposed:false
308 silly fetch manifest has-symbols@^1.1.0
309 silly packumentCache full:https://registry.npmjs.org/has-symbols cache-miss
310 http cache https://registry.npmjs.org/has-symbols 5ms (cache hit)
311 silly packumentCache full:https://registry.npmjs.org/has-symbols set size:21550 disposed:false
312 silly fetch manifest function-bind@^1.1.2
313 silly packumentCache full:https://registry.npmjs.org/function-bind cache-miss
314 http fetch GET 200 https://registry.npmjs.org/gopd 39ms (cache miss)
315 silly packumentCache full:https://registry.npmjs.org/gopd set size:undefined disposed:false
316 silly fetch manifest es-object-atoms@^1.1.1
317 silly packumentCache full:https://registry.npmjs.org/es-object-atoms cache-miss
318 http fetch GET 200 https://registry.npmjs.org/stop-iteration-iterator 54ms (cache miss)
319 silly packumentCache full:https://registry.npmjs.org/stop-iteration-iterator set size:undefined disposed:false
320 silly fetch manifest math-intrinsics@^1.1.0
321 silly packumentCache full:https://registry.npmjs.org/math-intrinsics cache-miss
322 http fetch GET 200 https://registry.npmjs.org/hasown 50ms (cache miss)
323 silly packumentCache full:https://registry.npmjs.org/hasown set size:undefined disposed:false
324 silly fetch manifest call-bound@^1.0.2
325 silly packumentCache full:https://registry.npmjs.org/call-bound cache-miss
326 http fetch GET 200 https://registry.npmjs.org/is-string 61ms (cache miss)
327 silly packumentCache full:https://registry.npmjs.org/is-string set size:undefined disposed:false
328 silly fetch manifest has-tostringtag@^1.0.2
329 silly packumentCache full:https://registry.npmjs.org/has-tostringtag cache-miss
330 http fetch GET 200 https://registry.npmjs.org/es-errors 43ms (cache miss)
331 silly packumentCache full:https://registry.npmjs.org/es-errors set size:undefined disposed:false
332 silly fetch manifest call-bound@^1.0.2
333 silly packumentCache full:https://registry.npmjs.org/call-bound cache-miss
334 http cache https://registry.npmjs.org/call-bound 3ms (cache hit)
335 silly packumentCache full:https://registry.npmjs.org/call-bound set size:15317 disposed:false
336 silly fetch manifest has-tostringtag@^1.0.2
337 silly packumentCache full:https://registry.npmjs.org/has-tostringtag cache-miss
338 http cache https://registry.npmjs.org/call-bound 2ms (cache hit)
339 silly packumentCache full:https://registry.npmjs.org/call-bound set size:15317 disposed:false
340 silly packumentCache full:https://registry.npmjs.org/call-bound dispose
341 silly fetch manifest has-tostringtag@^1.0.2
342 silly packumentCache full:https://registry.npmjs.org/has-tostringtag cache-miss
343 http fetch GET 200 https://registry.npmjs.org/function-bind 41ms (cache miss)
344 silly packumentCache full:https://registry.npmjs.org/function-bind set size:undefined disposed:false
345 silly fetch manifest define-properties@^1.2.1
346 silly packumentCache full:https://registry.npmjs.org/define-properties cache-miss
347 http fetch GET 200 https://registry.npmjs.org/get-proto 74ms (cache miss)
348 silly packumentCache full:https://registry.npmjs.org/get-proto set size:undefined disposed:false
349 silly fetch manifest define-properties@^1.2.1
350 silly packumentCache full:https://registry.npmjs.org/define-properties cache-miss
351 http fetch GET 200 https://registry.npmjs.org/es-object-atoms 52ms (cache miss)
352 silly packumentCache full:https://registry.npmjs.org/es-object-atoms set size:undefined disposed:false
353 silly fetch manifest es-object-atoms@^1.0.0
354 silly packumentCache full:https://registry.npmjs.org/es-object-atoms cache-miss
355 http cache https://registry.npmjs.org/es-object-atoms 2ms (cache hit)
356 silly packumentCache full:https://registry.npmjs.org/es-object-atoms set size:15304 disposed:false
357 silly fetch manifest define-properties@^1.2.1
358 silly packumentCache full:https://registry.npmjs.org/define-properties cache-miss
359 http fetch GET 200 https://registry.npmjs.org/math-intrinsics 56ms (cache miss)
360 silly packumentCache full:https://registry.npmjs.org/math-intrinsics set size:undefined disposed:false
361 silly fetch manifest set-function-name@^2.0.2
362 silly packumentCache full:https://registry.npmjs.org/set-function-name cache-miss
363 http fetch GET 200 https://registry.npmjs.org/has-tostringtag 55ms (cache miss)
364 silly packumentCache full:https://registry.npmjs.org/has-tostringtag set size:undefined disposed:false
365 silly fetch manifest object-inspect@^1.13.3
366 silly packumentCache full:https://registry.npmjs.org/object-inspect cache-miss
367 http fetch GET 200 https://registry.npmjs.org/define-properties 48ms (cache miss)
368 silly packumentCache full:https://registry.npmjs.org/define-properties set size:undefined disposed:false
369 silly fetch manifest side-channel-list@^1.0.0
370 silly packumentCache full:https://registry.npmjs.org/side-channel-list cache-miss
371 http fetch GET 200 https://registry.npmjs.org/has-tostringtag 54ms (cache miss)
372 silly packumentCache full:https://registry.npmjs.org/has-tostringtag set size:undefined disposed:false
373 silly fetch manifest side-channel-map@^1.0.1
374 silly packumentCache full:https://registry.npmjs.org/side-channel-map cache-miss
375 http fetch GET 200 https://registry.npmjs.org/has-tostringtag 53ms (cache miss)
376 silly packumentCache full:https://registry.npmjs.org/has-tostringtag set size:undefined disposed:false
377 silly fetch manifest side-channel-weakmap@^1.0.2
378 silly packumentCache full:https://registry.npmjs.org/side-channel-weakmap cache-miss
379 http fetch GET 200 https://registry.npmjs.org/define-properties 45ms (cache miss)
380 silly packumentCache full:https://registry.npmjs.org/define-properties set size:undefined disposed:false
381 silly fetch manifest is-bigint@^1.1.0
382 silly packumentCache full:https://registry.npmjs.org/is-bigint cache-miss
383 http fetch GET 200 https://registry.npmjs.org/define-properties 43ms (cache miss)
384 silly packumentCache full:https://registry.npmjs.org/define-properties set size:undefined disposed:false
385 silly fetch manifest is-boolean-object@^1.2.1
386 silly packumentCache full:https://registry.npmjs.org/is-boolean-object cache-miss
387 http fetch GET 200 https://registry.npmjs.org/side-channel-weakmap 45ms (cache miss)
388 silly packumentCache full:https://registry.npmjs.org/side-channel-weakmap set size:undefined disposed:false
389 silly fetch manifest is-number-object@^1.1.1
390 silly packumentCache full:https://registry.npmjs.org/is-number-object cache-miss
391 http fetch GET 200 https://registry.npmjs.org/side-channel-map 47ms (cache miss)
392 silly packumentCache full:https://registry.npmjs.org/side-channel-map set size:undefined disposed:false
393 silly fetch manifest is-string@^1.1.1
394 silly packumentCache full:https://registry.npmjs.org/is-string cache-miss
395 http cache https://registry.npmjs.org/is-string 4ms (cache hit)
396 silly packumentCache full:https://registry.npmjs.org/is-string set size:29636 disposed:false
397 silly fetch manifest is-symbol@^1.1.1
398 silly packumentCache full:https://registry.npmjs.org/is-symbol cache-miss
399 http fetch GET 200 https://registry.npmjs.org/side-channel-list 56ms (cache miss)
400 silly packumentCache full:https://registry.npmjs.org/side-channel-list set size:undefined disposed:false
401 silly fetch manifest is-map@^2.0.3
402 silly packumentCache full:https://registry.npmjs.org/is-map cache-miss
403 http fetch GET 200 https://registry.npmjs.org/object-inspect 59ms (cache miss)
404 silly packumentCache full:https://registry.npmjs.org/object-inspect set size:undefined disposed:false
405 silly fetch manifest is-set@^2.0.3
406 silly packumentCache full:https://registry.npmjs.org/is-set cache-miss
407 http cache https://registry.npmjs.org/is-map 4ms (cache hit)
408 silly packumentCache full:https://registry.npmjs.org/is-map set size:18079 disposed:false
409 silly fetch manifest is-weakmap@^2.0.2
410 silly packumentCache full:https://registry.npmjs.org/is-weakmap cache-miss
411 http cache https://registry.npmjs.org/is-set 5ms (cache hit)
412 silly packumentCache full:https://registry.npmjs.org/is-set set size:16614 disposed:false
413 silly fetch manifest is-weakset@^2.0.3
414 silly packumentCache full:https://registry.npmjs.org/is-weakset cache-miss
415 http fetch GET 200 https://registry.npmjs.org/set-function-name 68ms (cache miss)
416 silly packumentCache full:https://registry.npmjs.org/set-function-name set size:undefined disposed:false
417 silly fetch manifest available-typed-arrays@^1.0.7
418 silly packumentCache full:https://registry.npmjs.org/available-typed-arrays cache-miss
419 http fetch GET 200 https://registry.npmjs.org/is-bigint 59ms (cache miss)
420 silly packumentCache full:https://registry.npmjs.org/is-bigint set size:undefined disposed:false
421 silly fetch manifest call-bound@^1.0.4
422 silly packumentCache full:https://registry.npmjs.org/call-bound cache-hit
423 silly fetch manifest for-each@^0.3.5
424 silly packumentCache full:https://registry.npmjs.org/for-each cache-miss
425 http fetch GET 200 https://registry.npmjs.org/is-boolean-object 57ms (cache miss)
426 silly packumentCache full:https://registry.npmjs.org/is-boolean-object set size:undefined disposed:false
427 http fetch GET 200 https://registry.npmjs.org/is-number-object 54ms (cache miss)
428 silly packumentCache full:https://registry.npmjs.org/is-number-object set size:undefined disposed:false
429 http fetch GET 200 https://registry.npmjs.org/is-symbol 50ms (cache miss)
430 silly packumentCache full:https://registry.npmjs.org/is-symbol set size:undefined disposed:false
431 http fetch GET 200 https://registry.npmjs.org/is-weakset 45ms (cache miss)
432 silly packumentCache full:https://registry.npmjs.org/is-weakset set size:undefined disposed:false
433 http fetch GET 200 https://registry.npmjs.org/is-weakmap 51ms (cache miss)
434 silly packumentCache full:https://registry.npmjs.org/is-weakmap set size:undefined disposed:false
435 http fetch GET 200 https://registry.npmjs.org/available-typed-arrays 48ms (cache miss)
436 silly packumentCache full:https://registry.npmjs.org/available-typed-arrays set size:undefined disposed:false
437 http fetch GET 200 https://registry.npmjs.org/for-each 43ms (cache miss)
438 silly packumentCache full:https://registry.npmjs.org/for-each set size:undefined disposed:false
439 silly placeDep node_modules/react-native-cli call-bound@1.0.4 OK for: array-buffer-byte-length@1.0.2 want: ^1.0.3
440 silly placeDep node_modules/react-native-cli call-bind-apply-helpers@1.0.2 OK for: call-bind@1.0.9 want: ^1.0.2
441 silly placeDep node_modules/react-native-cli es-define-property@1.0.1 OK for: call-bind@1.0.9 want: ^1.0.1
442 silly placeDep node_modules/react-native-cli set-function-length@1.2.2 OK for: call-bind@1.0.9 want: ^1.2.2
443 silly fetch manifest define-data-property@^1.1.4
444 silly packumentCache full:https://registry.npmjs.org/define-data-property cache-miss
445 silly fetch manifest gopd@^1.0.1
446 silly packumentCache full:https://registry.npmjs.org/gopd cache-miss
447 silly fetch manifest has-property-descriptors@^1.0.2
448 silly packumentCache full:https://registry.npmjs.org/has-property-descriptors cache-miss
449 http cache https://registry.npmjs.org/gopd 4ms (cache hit)
450 silly packumentCache full:https://registry.npmjs.org/gopd set size:11458 disposed:false
451 http fetch GET 200 https://registry.npmjs.org/has-property-descriptors 50ms (cache miss)
452 silly packumentCache full:https://registry.npmjs.org/has-property-descriptors set size:undefined disposed:false
453 http fetch GET 200 https://registry.npmjs.org/define-data-property 52ms (cache miss)
454 silly packumentCache full:https://registry.npmjs.org/define-data-property set size:undefined disposed:false
455 silly placeDep node_modules/react-native-cli es-errors@1.3.0 OK for: call-bind-apply-helpers@1.0.2 want: ^1.3.0
456 silly placeDep node_modules/react-native-cli function-bind@1.1.2 OK for: call-bind-apply-helpers@1.0.2 want: ^1.1.2
457 silly placeDep node_modules/react-native-cli has-symbols@1.1.0 OK for: es-get-iterator@1.1.3 want: ^1.0.3
458 silly placeDep node_modules/react-native-cli is-map@2.0.3 OK for: es-get-iterator@1.1.3 want: ^2.0.2
459 silly placeDep node_modules/react-native-cli is-set@2.0.3 OK for: es-get-iterator@1.1.3 want: ^2.0.2
460 silly placeDep node_modules/react-native-cli is-string@1.1.1 OK for: es-get-iterator@1.1.3 want: ^1.0.7
461 silly placeDep node_modules/react-native-cli stop-iteration-iterator@1.1.0 OK for: es-get-iterator@1.1.3 want: ^1.0.0
462 silly fetch manifest internal-slot@^1.1.0
463 silly packumentCache full:https://registry.npmjs.org/internal-slot cache-miss
464 http fetch GET 200 https://registry.npmjs.org/internal-slot 41ms (cache miss)
465 silly packumentCache full:https://registry.npmjs.org/internal-slot set size:undefined disposed:false
466 silly placeDep node_modules/react-native-cli es-object-atoms@1.1.1 OK for: get-intrinsic@1.3.0 want: ^1.1.1
467 silly placeDep node_modules/react-native-cli get-proto@1.0.1 OK for: get-intrinsic@1.3.0 want: ^1.0.1
468 silly placeDep node_modules/react-native-cli gopd@1.2.0 OK for: get-intrinsic@1.3.0 want: ^1.2.0
469 silly placeDep node_modules/react-native-cli hasown@2.0.3 OK for: get-intrinsic@1.3.0 want: ^2.0.2
470 silly placeDep node_modules/react-native-cli math-intrinsics@1.1.0 OK for: get-intrinsic@1.3.0 want: ^1.1.0
471 silly fetch manifest dunder-proto@^1.0.1
472 silly packumentCache full:https://registry.npmjs.org/dunder-proto cache-miss
473 http fetch GET 200 https://registry.npmjs.org/dunder-proto 48ms (cache miss)
474 silly packumentCache full:https://registry.npmjs.org/dunder-proto set size:undefined disposed:false
475 silly placeDep node_modules/react-native-cli dunder-proto@1.0.1 OK for: get-proto@1.0.1 want: ^1.0.1
476 silly placeDep node_modules/react-native-cli has-tostringtag@1.0.2 OK for: is-arguments@1.2.0 want: ^1.0.2
477 silly placeDep node_modules/react-native-cli define-properties@1.2.1 OK for: object-is@1.1.6 want: ^1.2.1
478 silly fetch manifest define-data-property@^1.0.1
479 silly packumentCache full:https://registry.npmjs.org/define-data-property cache-miss
480 silly fetch manifest has-property-descriptors@^1.0.0
481 silly packumentCache full:https://registry.npmjs.org/has-property-descriptors cache-miss
482 http cache https://registry.npmjs.org/define-data-property 6ms (cache hit)
483 silly packumentCache full:https://registry.npmjs.org/define-data-property set size:28048 disposed:false
484 http cache https://registry.npmjs.org/has-property-descriptors 6ms (cache hit)
485 silly packumentCache full:https://registry.npmjs.org/has-property-descriptors set size:12452 disposed:false
486 silly placeDep node_modules/react-native-cli define-data-property@1.1.4 OK for: define-properties@1.2.1 want: ^1.0.1
487 silly placeDep node_modules/react-native-cli has-property-descriptors@1.0.2 OK for: define-properties@1.2.1 want: ^1.0.0
488 silly placeDep node_modules/react-native-cli set-function-name@2.0.2 OK for: regexp.prototype.flags@1.5.4 want: ^2.0.2
489 silly fetch manifest functions-have-names@^1.2.3
490 silly packumentCache full:https://registry.npmjs.org/functions-have-names cache-miss
491 http fetch GET 200 https://registry.npmjs.org/functions-have-names 50ms (cache miss)
492 silly packumentCache full:https://registry.npmjs.org/functions-have-names set size:undefined disposed:false
493 silly placeDep node_modules/react-native-cli glob@7.2.3 OK for: rimraf@2.7.1 want: ^7.1.3
494 silly fetch manifest once@^1.3.0
495 silly packumentCache full:https://registry.npmjs.org/once cache-miss
496 silly fetch manifest inflight@^1.0.4
497 silly packumentCache full:https://registry.npmjs.org/inflight cache-miss
498 silly fetch manifest inherits@2
499 silly packumentCache full:https://registry.npmjs.org/inherits cache-miss
500 silly fetch manifest minimatch@^3.1.1
501 silly packumentCache full:https://registry.npmjs.org/minimatch cache-miss
502 silly fetch manifest fs.realpath@^1.0.0
503 silly packumentCache full:https://registry.npmjs.org/fs.realpath cache-miss
504 silly fetch manifest path-is-absolute@^1.0.0
505 silly packumentCache full:https://registry.npmjs.org/path-is-absolute cache-miss
506 http fetch GET 200 https://registry.npmjs.org/inherits 56ms (cache miss)
507 silly packumentCache full:https://registry.npmjs.org/inherits set size:undefined disposed:false
508 http fetch GET 200 https://registry.npmjs.org/once 59ms (cache miss)
509 silly packumentCache full:https://registry.npmjs.org/once set size:undefined disposed:false
510 http fetch GET 200 https://registry.npmjs.org/path-is-absolute 58ms (cache miss)
511 silly packumentCache full:https://registry.npmjs.org/path-is-absolute set size:undefined disposed:false
512 http fetch GET 200 https://registry.npmjs.org/inflight 63ms (cache miss)
513 silly packumentCache full:https://registry.npmjs.org/inflight set size:undefined disposed:false
514 http fetch GET 200 https://registry.npmjs.org/fs.realpath 63ms (cache miss)
515 silly packumentCache full:https://registry.npmjs.org/fs.realpath set size:undefined disposed:false
516 http fetch GET 200 https://registry.npmjs.org/minimatch 92ms (cache miss)
517 silly packumentCache full:https://registry.npmjs.org/minimatch set size:undefined disposed:false
518 silly placeDep node_modules/react-native-cli fs.realpath@1.0.0 OK for: glob@7.2.3 want: ^1.0.0
519 silly placeDep node_modules/react-native-cli inflight@1.0.6 OK for: glob@7.2.3 want: ^1.0.4
520 silly placeDep node_modules/react-native-cli inherits@2.0.4 OK for: glob@7.2.3 want: 2
521 silly placeDep node_modules/react-native-cli minimatch@3.1.5 OK for: glob@7.2.3 want: ^3.1.1
522 silly placeDep node_modules/react-native-cli once@1.4.0 OK for: glob@7.2.3 want: ^1.3.0
523 silly placeDep node_modules/react-native-cli path-is-absolute@1.0.1 OK for: glob@7.2.3 want: ^1.0.0
524 silly fetch manifest wrappy@1
525 silly packumentCache full:https://registry.npmjs.org/wrappy cache-miss
526 silly fetch manifest brace-expansion@^1.1.7
527 silly packumentCache full:https://registry.npmjs.org/brace-expansion cache-miss
528 silly fetch manifest wrappy@1
529 silly packumentCache full:https://registry.npmjs.org/wrappy cache-miss
530 http fetch GET 200 https://registry.npmjs.org/wrappy 47ms (cache miss)
531 silly packumentCache full:https://registry.npmjs.org/wrappy set size:undefined disposed:false
532 http fetch GET 200 https://registry.npmjs.org/wrappy 48ms (cache miss)
533 silly packumentCache full:https://registry.npmjs.org/wrappy set size:undefined disposed:false
534 http fetch GET 200 https://registry.npmjs.org/brace-expansion 59ms (cache miss)
535 silly packumentCache full:https://registry.npmjs.org/brace-expansion set size:undefined disposed:false
536 silly placeDep node_modules/react-native-cli wrappy@1.0.2 OK for: inflight@1.0.6 want: 1
537 silly placeDep node_modules/react-native-cli brace-expansion@1.1.14 OK for: minimatch@3.1.5 want: ^1.1.7
538 silly fetch manifest concat-map@0.0.1
539 silly packumentCache full:https://registry.npmjs.org/concat-map cache-miss
540 silly fetch manifest balanced-match@^1.0.0
541 silly packumentCache full:https://registry.npmjs.org/balanced-match cache-miss
542 http fetch GET 200 https://registry.npmjs.org/concat-map 50ms (cache miss)
543 silly packumentCache full:https://registry.npmjs.org/concat-map set size:undefined disposed:false
544 http fetch GET 200 https://registry.npmjs.org/balanced-match 57ms (cache miss)
545 silly packumentCache full:https://registry.npmjs.org/balanced-match set size:undefined disposed:false
546 silly placeDep node_modules/react-native-cli balanced-match@1.0.2 OK for: brace-expansion@1.1.14 want: ^1.0.0
547 silly placeDep node_modules/react-native-cli concat-map@0.0.1 OK for: brace-expansion@1.1.14 want: 0.0.1
548 silly placeDep node_modules/react-native-cli functions-have-names@1.2.3 OK for: set-function-name@2.0.2 want: ^1.2.3
549 silly placeDep node_modules/react-native-cli object-inspect@1.13.4 OK for: side-channel@1.1.0 want: ^1.13.3
550 silly placeDep node_modules/react-native-cli side-channel-list@1.0.1 OK for: side-channel@1.1.0 want: ^1.0.0
551 silly placeDep node_modules/react-native-cli side-channel-map@1.0.1 OK for: side-channel@1.1.0 want: ^1.0.1
552 silly placeDep node_modules/react-native-cli side-channel-weakmap@1.0.2 OK for: side-channel@1.1.0 want: ^1.0.2
553 silly placeDep node_modules/react-native-cli internal-slot@1.1.0 OK for: stop-iteration-iterator@1.1.0 want: ^1.1.0
554 silly placeDep node_modules/react-native-cli is-bigint@1.1.0 OK for: which-boxed-primitive@1.1.1 want: ^1.1.0
555 silly placeDep node_modules/react-native-cli is-boolean-object@1.2.2 OK for: which-boxed-primitive@1.1.1 want: ^1.2.1
556 silly placeDep node_modules/react-native-cli is-number-object@1.1.1 OK for: which-boxed-primitive@1.1.1 want: ^1.1.1
557 silly placeDep node_modules/react-native-cli is-symbol@1.1.1 OK for: which-boxed-primitive@1.1.1 want: ^1.1.1
558 silly fetch manifest has-bigints@^1.0.2
559 silly packumentCache full:https://registry.npmjs.org/has-bigints cache-miss
560 silly fetch manifest safe-regex-test@^1.1.0
561 silly packumentCache full:https://registry.npmjs.org/safe-regex-test cache-miss
562 http fetch GET 200 https://registry.npmjs.org/has-bigints 54ms (cache miss)
563 silly packumentCache full:https://registry.npmjs.org/has-bigints set size:undefined disposed:false
564 http fetch GET 200 https://registry.npmjs.org/safe-regex-test 56ms (cache miss)
565 silly packumentCache full:https://registry.npmjs.org/safe-regex-test set size:undefined disposed:false
566 silly placeDep node_modules/react-native-cli has-bigints@1.1.0 OK for: is-bigint@1.1.0 want: ^1.0.2
567 silly placeDep node_modules/react-native-cli safe-regex-test@1.1.0 OK for: is-symbol@1.1.1 want: ^1.1.0
568 silly placeDep node_modules/react-native-cli is-weakmap@2.0.2 OK for: which-collection@1.0.2 want: ^2.0.2
569 silly placeDep node_modules/react-native-cli is-weakset@2.0.4 OK for: which-collection@1.0.2 want: ^2.0.3
570 silly placeDep node_modules/react-native-cli available-typed-arrays@1.0.7 OK for: which-typed-array@1.1.20 want: ^1.0.7
571 silly placeDep node_modules/react-native-cli for-each@0.3.5 OK for: which-typed-array@1.1.20 want: ^0.3.5
572 silly fetch manifest possible-typed-array-names@^1.0.0
573 silly packumentCache full:https://registry.npmjs.org/possible-typed-array-names cache-miss
574 silly fetch manifest is-callable@^1.2.7
575 silly packumentCache full:https://registry.npmjs.org/is-callable cache-miss
576 http fetch GET 200 https://registry.npmjs.org/possible-typed-array-names 47ms (cache miss)
577 silly packumentCache full:https://registry.npmjs.org/possible-typed-array-names set size:undefined disposed:false
578 http fetch GET 200 https://registry.npmjs.org/is-callable 60ms (cache miss)
579 silly packumentCache full:https://registry.npmjs.org/is-callable set size:undefined disposed:false
580 silly placeDep node_modules/react-native-cli possible-typed-array-names@1.1.0 OK for: available-typed-arrays@1.0.7 want: ^1.0.0
581 silly placeDep node_modules/react-native-cli is-callable@1.2.7 OK for: for-each@0.3.5 want: ^1.2.7
582 silly placeDep node_modules/react-native-cli colors@0.6.2 OK for: winston@0.8.3 want: 0.6.x
583 silly placeDep node_modules/react-native-cli cycle@1.0.3 OK for: winston@0.8.3 want: 1.0.x
584 silly placeDep node_modules/react-native-cli eyes@0.1.8 OK for: winston@0.8.3 want: 0.1.x
585 silly placeDep node_modules/react-native-cli isstream@0.1.2 OK for: winston@0.8.3 want: 0.1.x
586 silly placeDep node_modules/react-native-cli/node_modules/winston pkginfo@0.3.1 OK for: winston@0.8.3 want: 0.3.x
587 silly placeDep node_modules/react-native-cli stack-trace@0.0.10 OK for: winston@0.8.3 want: 0.0.x
588 silly reify moves {}
589 http cache react-native-cli@https://registry.npmjs.org/react-native-cli/-/react-native-cli-2.0.1.tgz 0ms (cache hit)
590 http cache stack-trace@https://registry.npmjs.org/stack-trace/-/stack-trace-0.0.10.tgz 0ms (cache hit)
591 http cache isstream@https://registry.npmjs.org/isstream/-/isstream-0.1.2.tgz 0ms (cache hit)
592 http cache eyes@https://registry.npmjs.org/eyes/-/eyes-0.1.8.tgz 0ms (cache hit)
593 http cache cycle@https://registry.npmjs.org/cycle/-/cycle-1.0.3.tgz 0ms (cache hit)
594 http cache colors@https://registry.npmjs.org/colors/-/colors-0.6.2.tgz 0ms (cache hit)
595 http cache is-callable@https://registry.npmjs.org/is-callable/-/is-callable-1.2.7.tgz 0ms (cache hit)
596 http cache possible-typed-array-names@https://registry.npmjs.org/possible-typed-array-names/-/possible-typed-array-names-1.1.0.tgz 0ms (cache hit)
597 http cache for-each@https://registry.npmjs.org/for-each/-/for-each-0.3.5.tgz 0ms (cache hit)
598 http cache available-typed-arrays@https://registry.npmjs.org/available-typed-arrays/-/available-typed-arrays-1.0.7.tgz 0ms (cache hit)
599 http cache is-weakset@https://registry.npmjs.org/is-weakset/-/is-weakset-2.0.4.tgz 0ms (cache hit)
600 http cache is-weakmap@https://registry.npmjs.org/is-weakmap/-/is-weakmap-2.0.2.tgz 0ms (cache hit)
601 http cache safe-regex-test@https://registry.npmjs.org/safe-regex-test/-/safe-regex-test-1.1.0.tgz 0ms (cache hit)
602 http cache has-bigints@https://registry.npmjs.org/has-bigints/-/has-bigints-1.1.0.tgz 0ms (cache hit)
603 http cache is-number-object@https://registry.npmjs.org/is-number-object/-/is-number-object-1.1.1.tgz 0ms (cache hit)
604 http cache is-symbol@https://registry.npmjs.org/is-symbol/-/is-symbol-1.1.1.tgz 0ms (cache hit)
605 http cache is-boolean-object@https://registry.npmjs.org/is-boolean-object/-/is-boolean-object-1.2.2.tgz 0ms (cache hit)
606 http cache is-bigint@https://registry.npmjs.org/is-bigint/-/is-bigint-1.1.0.tgz 0ms (cache hit)
607 http cache internal-slot@https://registry.npmjs.org/internal-slot/-/internal-slot-1.1.0.tgz 0ms (cache hit)
608 http cache side-channel-weakmap@https://registry.npmjs.org/side-channel-weakmap/-/side-channel-weakmap-1.0.2.tgz 0ms (cache hit)
609 http cache side-channel-map@https://registry.npmjs.org/side-channel-map/-/side-channel-map-1.0.1.tgz 0ms (cache hit)
610 http cache side-channel-list@https://registry.npmjs.org/side-channel-list/-/side-channel-list-1.0.1.tgz 0ms (cache hit)
611 http cache object-inspect@https://registry.npmjs.org/object-inspect/-/object-inspect-1.13.4.tgz 0ms (cache hit)
612 http cache functions-have-names@https://registry.npmjs.org/functions-have-names/-/functions-have-names-1.2.3.tgz 0ms (cache hit)
613 http cache concat-map@https://registry.npmjs.org/concat-map/-/concat-map-0.0.1.tgz 0ms (cache hit)
614 http cache balanced-match@https://registry.npmjs.org/balanced-match/-/balanced-match-1.0.2.tgz 0ms (cache hit)
615 http cache brace-expansion@https://registry.npmjs.org/brace-expansion/-/brace-expansion-1.1.14.tgz 0ms (cache hit)
616 http cache wrappy@https://registry.npmjs.org/wrappy/-/wrappy-1.0.2.tgz 0ms (cache hit)
617 http cache path-is-absolute@https://registry.npmjs.org/path-is-absolute/-/path-is-absolute-1.0.1.tgz 0ms (cache hit)
618 http cache once@https://registry.npmjs.org/once/-/once-1.4.0.tgz 0ms (cache hit)
619 http cache minimatch@https://registry.npmjs.org/minimatch/-/minimatch-3.1.5.tgz 0ms (cache hit)
620 http cache inherits@https://registry.npmjs.org/inherits/-/inherits-2.0.4.tgz 0ms (cache hit)
621 http cache inflight@https://registry.npmjs.org/inflight/-/inflight-1.0.6.tgz 0ms (cache hit)
622 http cache fs.realpath@https://registry.npmjs.org/fs.realpath/-/fs.realpath-1.0.0.tgz 0ms (cache hit)
623 http cache glob@https://registry.npmjs.org/glob/-/glob-7.2.3.tgz 0ms (cache hit)
624 http cache set-function-name@https://registry.npmjs.org/set-function-name/-/set-function-name-2.0.2.tgz 0ms (cache hit)
625 http cache has-property-descriptors@https://registry.npmjs.org/has-property-descriptors/-/has-property-descriptors-1.0.2.tgz 0ms (cache hit)
626 http cache define-properties@https://registry.npmjs.org/define-properties/-/define-properties-1.2.1.tgz 0ms (cache hit)
627 http cache define-data-property@https://registry.npmjs.org/define-data-property/-/define-data-property-1.1.4.tgz 0ms (cache hit)
628 http cache has-tostringtag@https://registry.npmjs.org/has-tostringtag/-/has-tostringtag-1.0.2.tgz 0ms (cache hit)
629 http cache dunder-proto@https://registry.npmjs.org/dunder-proto/-/dunder-proto-1.0.1.tgz 0ms (cache hit)
630 http cache math-intrinsics@https://registry.npmjs.org/math-intrinsics/-/math-intrinsics-1.1.0.tgz 0ms (cache hit)
631 http cache hasown@https://registry.npmjs.org/hasown/-/hasown-2.0.3.tgz 0ms (cache hit)
632 http cache gopd@https://registry.npmjs.org/gopd/-/gopd-1.2.0.tgz 0ms (cache hit)
633 http cache get-proto@https://registry.npmjs.org/get-proto/-/get-proto-1.0.1.tgz 0ms (cache hit)
634 http cache es-object-atoms@https://registry.npmjs.org/es-object-atoms/-/es-object-atoms-1.1.1.tgz 0ms (cache hit)
635 http cache stop-iteration-iterator@https://registry.npmjs.org/stop-iteration-iterator/-/stop-iteration-iterator-1.1.0.tgz 0ms (cache hit)
636 http cache is-string@https://registry.npmjs.org/is-string/-/is-string-1.1.1.tgz 0ms (cache hit)
637 http cache is-map@https://registry.npmjs.org/is-map/-/is-map-2.0.3.tgz 0ms (cache hit)
638 http cache has-symbols@https://registry.npmjs.org/has-symbols/-/has-symbols-1.1.0.tgz 0ms (cache hit)
639 http cache is-set@https://registry.npmjs.org/is-set/-/is-set-2.0.3.tgz 0ms (cache hit)
640 http cache function-bind@https://registry.npmjs.org/function-bind/-/function-bind-1.1.2.tgz 0ms (cache hit)
641 http cache es-errors@https://registry.npmjs.org/es-errors/-/es-errors-1.3.0.tgz 0ms (cache hit)
642 http cache set-function-length@https://registry.npmjs.org/set-function-length/-/set-function-length-1.2.2.tgz 0ms (cache hit)
643 http cache es-define-property@https://registry.npmjs.org/es-define-property/-/es-define-property-1.0.1.tgz 0ms (cache hit)
644 http cache call-bound@https://registry.npmjs.org/call-bound/-/call-bound-1.0.4.tgz 0ms (cache hit)
645 http cache call-bind-apply-helpers@https://registry.npmjs.org/call-bind-apply-helpers/-/call-bind-apply-helpers-1.0.2.tgz 0ms (cache hit)
646 http cache which-typed-array@https://registry.npmjs.org/which-typed-array/-/which-typed-array-1.1.20.tgz 0ms (cache hit)
647 http cache which-collection@https://registry.npmjs.org/which-collection/-/which-collection-1.0.2.tgz 0ms (cache hit)
648 http cache which-boxed-primitive@https://registry.npmjs.org/which-boxed-primitive/-/which-boxed-primitive-1.1.1.tgz 0ms (cache hit)
649 http cache side-channel@https://registry.npmjs.org/side-channel/-/side-channel-1.1.0.tgz 0ms (cache hit)
650 http cache regexp.prototype.flags@https://registry.npmjs.org/regexp.prototype.flags/-/regexp.prototype.flags-1.5.4.tgz 0ms (cache hit)
651 http cache object.assign@https://registry.npmjs.org/object.assign/-/object.assign-4.1.7.tgz 0ms (cache hit)
652 http cache object-keys@https://registry.npmjs.org/object-keys/-/object-keys-1.1.1.tgz 0ms (cache hit)
653 http cache object-is@https://registry.npmjs.org/object-is/-/object-is-1.1.6.tgz 0ms (cache hit)
654 http cache isarray@https://registry.npmjs.org/isarray/-/isarray-2.0.5.tgz 0ms (cache hit)
655 http cache is-shared-array-buffer@https://registry.npmjs.org/is-shared-array-buffer/-/is-shared-array-buffer-1.0.4.tgz 0ms (cache hit)
656 http cache is-regex@https://registry.npmjs.org/is-regex/-/is-regex-1.2.1.tgz 0ms (cache hit)
657 http cache is-date-object@https://registry.npmjs.org/is-date-object/-/is-date-object-1.1.0.tgz 0ms (cache hit)
658 http cache is-array-buffer@https://registry.npmjs.org/is-array-buffer/-/is-array-buffer-3.0.5.tgz 0ms (cache hit)
659 http cache is-arguments@https://registry.npmjs.org/is-arguments/-/is-arguments-1.2.0.tgz 0ms (cache hit)
660 http cache get-intrinsic@https://registry.npmjs.org/get-intrinsic/-/get-intrinsic-1.3.0.tgz 0ms (cache hit)
661 http cache es-get-iterator@https://registry.npmjs.org/es-get-iterator/-/es-get-iterator-1.1.3.tgz 0ms (cache hit)
662 http cache call-bind@https://registry.npmjs.org/call-bind/-/call-bind-1.0.9.tgz 0ms (cache hit)
663 http cache array-buffer-byte-length@https://registry.npmjs.org/array-buffer-byte-length/-/array-buffer-byte-length-1.0.2.tgz 0ms (cache hit)
664 http cache rimraf@https://registry.npmjs.org/rimraf/-/rimraf-2.7.1.tgz 0ms (cache hit)
665 http cache ncp@https://registry.npmjs.org/ncp/-/ncp-0.4.2.tgz 0ms (cache hit)
666 http cache mkdirp@https://registry.npmjs.org/mkdirp/-/mkdirp-0.5.6.tgz 0ms (cache hit)
667 http cache i@https://registry.npmjs.org/i/-/i-0.3.7.tgz 0ms (cache hit)
668 http cache deep-equal@https://registry.npmjs.org/deep-equal/-/deep-equal-2.2.3.tgz 0ms (cache hit)
669 http cache async@https://registry.npmjs.org/async/-/async-0.2.10.tgz 0ms (cache hit)
670 http cache mute-stream@https://registry.npmjs.org/mute-stream/-/mute-stream-0.0.8.tgz 0ms (cache hit)
671 http cache winston@https://registry.npmjs.org/winston/-/winston-0.8.3.tgz 0ms (cache hit)
672 http cache pkginfo@https://registry.npmjs.org/pkginfo/-/pkginfo-0.3.1.tgz 0ms (cache hit)
673 http cache utile@https://registry.npmjs.org/utile/-/utile-0.2.1.tgz 0ms (cache hit)
674 http cache revalidator@https://registry.npmjs.org/revalidator/-/revalidator-0.1.8.tgz 0ms (cache hit)
675 http cache read@https://registry.npmjs.org/read/-/read-1.0.7.tgz 0ms (cache hit)
676 http cache pkginfo@https://registry.npmjs.org/pkginfo/-/pkginfo-0.4.1.tgz 0ms (cache hit)
677 http cache ansi-regex@https://registry.npmjs.org/ansi-regex/-/ansi-regex-2.1.1.tgz 0ms (cache hit)
678 http cache supports-color@https://registry.npmjs.org/supports-color/-/supports-color-2.0.0.tgz 0ms (cache hit)
679 http cache has-ansi@https://registry.npmjs.org/has-ansi/-/has-ansi-2.0.0.tgz 0ms (cache hit)
680 http cache strip-ansi@https://registry.npmjs.org/strip-ansi/-/strip-ansi-3.0.1.tgz 0ms (cache hit)
681 http cache escape-string-regexp@https://registry.npmjs.org/escape-string-regexp/-/escape-string-regexp-1.0.5.tgz 0ms (cache hit)
682 http cache ansi-styles@https://registry.npmjs.org/ansi-styles/-/ansi-styles-2.2.1.tgz 0ms (cache hit)
683 http cache semver@https://registry.npmjs.org/semver/-/semver-5.7.2.tgz 0ms (cache hit)
684 http cache minimist@https://registry.npmjs.org/minimist/-/minimist-1.2.8.tgz 0ms (cache hit)
685 http cache prompt@https://registry.npmjs.org/prompt/-/prompt-0.2.14.tgz 0ms (cache hit)
686 http cache chalk@https://registry.npmjs.org/chalk/-/chalk-1.1.3.tgz 0ms (cache hit)
687 silly tarball no local data for react-native-cli@https://registry.npmjs.org/react-native-cli/-/react-native-cli-2.0.1.tgz. Extracting by manifest.
688 silly tarball no local data for stack-trace@https://registry.npmjs.org/stack-trace/-/stack-trace-0.0.10.tgz. Extracting by manifest.
689 silly tarball no local data for isstream@https://registry.npmjs.org/isstream/-/isstream-0.1.2.tgz. Extracting by manifest.
690 silly tarball no local data for eyes@https://registry.npmjs.org/eyes/-/eyes-0.1.8.tgz. Extracting by manifest.
691 silly tarball no local data for cycle@https://registry.npmjs.org/cycle/-/cycle-1.0.3.tgz. Extracting by manifest.
692 silly tarball no local data for colors@https://registry.npmjs.org/colors/-/colors-0.6.2.tgz. Extracting by manifest.
693 silly tarball no local data for is-callable@https://registry.npmjs.org/is-callable/-/is-callable-1.2.7.tgz. Extracting by manifest.
694 silly tarball no local data for possible-typed-array-names@https://registry.npmjs.org/possible-typed-array-names/-/possible-typed-array-names-1.1.0.tgz. Extracting by manifest.
695 silly tarball no local data for for-each@https://registry.npmjs.org/for-each/-/for-each-0.3.5.tgz. Extracting by manifest.
696 silly tarball no local data for available-typed-arrays@https://registry.npmjs.org/available-typed-arrays/-/available-typed-arrays-1.0.7.tgz. Extracting by manifest.
697 silly tarball no local data for is-weakset@https://registry.npmjs.org/is-weakset/-/is-weakset-2.0.4.tgz. Extracting by manifest.
698 silly tarball no local data for is-weakmap@https://registry.npmjs.org/is-weakmap/-/is-weakmap-2.0.2.tgz. Extracting by manifest.
699 silly tarball no local data for safe-regex-test@https://registry.npmjs.org/safe-regex-test/-/safe-regex-test-1.1.0.tgz. Extracting by manifest.
700 silly tarball no local data for has-bigints@https://registry.npmjs.org/has-bigints/-/has-bigints-1.1.0.tgz. Extracting by manifest.
701 silly tarball no local data for is-number-object@https://registry.npmjs.org/is-number-object/-/is-number-object-1.1.1.tgz. Extracting by manifest.
702 silly tarball no local data for is-symbol@https://registry.npmjs.org/is-symbol/-/is-symbol-1.1.1.tgz. Extracting by manifest.
703 silly tarball no local data for is-boolean-object@https://registry.npmjs.org/is-boolean-object/-/is-boolean-object-1.2.2.tgz. Extracting by manifest.
704 silly tarball no local data for is-bigint@https://registry.npmjs.org/is-bigint/-/is-bigint-1.1.0.tgz. Extracting by manifest.
705 silly tarball no local data for internal-slot@https://registry.npmjs.org/internal-slot/-/internal-slot-1.1.0.tgz. Extracting by manifest.
706 silly tarball no local data for side-channel-weakmap@https://registry.npmjs.org/side-channel-weakmap/-/side-channel-weakmap-1.0.2.tgz. Extracting by manifest.
707 silly tarball no local data for side-channel-map@https://registry.npmjs.org/side-channel-map/-/side-channel-map-1.0.1.tgz. Extracting by manifest.
708 silly tarball no local data for side-channel-list@https://registry.npmjs.org/side-channel-list/-/side-channel-list-1.0.1.tgz. Extracting by manifest.
709 silly tarball no local data for object-inspect@https://registry.npmjs.org/object-inspect/-/object-inspect-1.13.4.tgz. Extracting by manifest.
710 silly tarball no local data for functions-have-names@https://registry.npmjs.org/functions-have-names/-/functions-have-names-1.2.3.tgz. Extracting by manifest.
711 silly tarball no local data for concat-map@https://registry.npmjs.org/concat-map/-/concat-map-0.0.1.tgz. Extracting by manifest.
712 silly tarball no local data for balanced-match@https://registry.npmjs.org/balanced-match/-/balanced-match-1.0.2.tgz. Extracting by manifest.
713 silly tarball no local data for brace-expansion@https://registry.npmjs.org/brace-expansion/-/brace-expansion-1.1.14.tgz. Extracting by manifest.
714 silly tarball no local data for wrappy@https://registry.npmjs.org/wrappy/-/wrappy-1.0.2.tgz. Extracting by manifest.
715 silly tarball no local data for path-is-absolute@https://registry.npmjs.org/path-is-absolute/-/path-is-absolute-1.0.1.tgz. Extracting by manifest.
716 silly tarball no local data for once@https://registry.npmjs.org/once/-/once-1.4.0.tgz. Extracting by manifest.
717 silly tarball no local data for minimatch@https://registry.npmjs.org/minimatch/-/minimatch-3.1.5.tgz. Extracting by manifest.
718 silly tarball no local data for inherits@https://registry.npmjs.org/inherits/-/inherits-2.0.4.tgz. Extracting by manifest.
719 silly tarball no local data for inflight@https://registry.npmjs.org/inflight/-/inflight-1.0.6.tgz. Extracting by manifest.
720 silly tarball no local data for fs.realpath@https://registry.npmjs.org/fs.realpath/-/fs.realpath-1.0.0.tgz. Extracting by manifest.
721 silly tarball no local data for glob@https://registry.npmjs.org/glob/-/glob-7.2.3.tgz. Extracting by manifest.
722 silly tarball no local data for set-function-name@https://registry.npmjs.org/set-function-name/-/set-function-name-2.0.2.tgz. Extracting by manifest.
723 silly tarball no local data for has-property-descriptors@https://registry.npmjs.org/has-property-descriptors/-/has-property-descriptors-1.0.2.tgz. Extracting by manifest.
724 silly tarball no local data for define-properties@https://registry.npmjs.org/define-properties/-/define-properties-1.2.1.tgz. Extracting by manifest.
725 silly tarball no local data for define-data-property@https://registry.npmjs.org/define-data-property/-/define-data-property-1.1.4.tgz. Extracting by manifest.
726 silly tarball no local data for has-tostringtag@https://registry.npmjs.org/has-tostringtag/-/has-tostringtag-1.0.2.tgz. Extracting by manifest.
727 silly tarball no local data for dunder-proto@https://registry.npmjs.org/dunder-proto/-/dunder-proto-1.0.1.tgz. Extracting by manifest.
728 silly tarball no local data for math-intrinsics@https://registry.npmjs.org/math-intrinsics/-/math-intrinsics-1.1.0.tgz. Extracting by manifest.
729 silly tarball no local data for hasown@https://registry.npmjs.org/hasown/-/hasown-2.0.3.tgz. Extracting by manifest.
730 silly tarball no local data for gopd@https://registry.npmjs.org/gopd/-/gopd-1.2.0.tgz. Extracting by manifest.
731 silly tarball no local data for get-proto@https://registry.npmjs.org/get-proto/-/get-proto-1.0.1.tgz. Extracting by manifest.
732 silly tarball no local data for es-object-atoms@https://registry.npmjs.org/es-object-atoms/-/es-object-atoms-1.1.1.tgz. Extracting by manifest.
733 silly tarball no local data for stop-iteration-iterator@https://registry.npmjs.org/stop-iteration-iterator/-/stop-iteration-iterator-1.1.0.tgz. Extracting by manifest.
734 silly tarball no local data for is-string@https://registry.npmjs.org/is-string/-/is-string-1.1.1.tgz. Extracting by manifest.
735 silly tarball no local data for is-map@https://registry.npmjs.org/is-map/-/is-map-2.0.3.tgz. Extracting by manifest.
736 silly tarball no local data for has-symbols@https://registry.npmjs.org/has-symbols/-/has-symbols-1.1.0.tgz. Extracting by manifest.
737 silly tarball no local data for is-set@https://registry.npmjs.org/is-set/-/is-set-2.0.3.tgz. Extracting by manifest.
738 silly tarball no local data for function-bind@https://registry.npmjs.org/function-bind/-/function-bind-1.1.2.tgz. Extracting by manifest.
739 silly tarball no local data for es-errors@https://registry.npmjs.org/es-errors/-/es-errors-1.3.0.tgz. Extracting by manifest.
740 silly tarball no local data for set-function-length@https://registry.npmjs.org/set-function-length/-/set-function-length-1.2.2.tgz. Extracting by manifest.
741 silly tarball no local data for es-define-property@https://registry.npmjs.org/es-define-property/-/es-define-property-1.0.1.tgz. Extracting by manifest.
742 silly tarball no local data for call-bound@https://registry.npmjs.org/call-bound/-/call-bound-1.0.4.tgz. Extracting by manifest.
743 silly tarball no local data for call-bind-apply-helpers@https://registry.npmjs.org/call-bind-apply-helpers/-/call-bind-apply-helpers-1.0.2.tgz. Extracting by manifest.
744 silly tarball no local data for which-typed-array@https://registry.npmjs.org/which-typed-array/-/which-typed-array-1.1.20.tgz. Extracting by manifest.
745 silly tarball no local data for which-collection@https://registry.npmjs.org/which-collection/-/which-collection-1.0.2.tgz. Extracting by manifest.
746 silly tarball no local data for which-boxed-primitive@https://registry.npmjs.org/which-boxed-primitive/-/which-boxed-primitive-1.1.1.tgz. Extracting by manifest.
747 silly tarball no local data for side-channel@https://registry.npmjs.org/side-channel/-/side-channel-1.1.0.tgz. Extracting by manifest.
748 silly tarball no local data for regexp.prototype.flags@https://registry.npmjs.org/regexp.prototype.flags/-/regexp.prototype.flags-1.5.4.tgz. Extracting by manifest.
749 silly tarball no local data for object.assign@https://registry.npmjs.org/object.assign/-/object.assign-4.1.7.tgz. Extracting by manifest.
750 silly tarball no local data for object-keys@https://registry.npmjs.org/object-keys/-/object-keys-1.1.1.tgz. Extracting by manifest.
751 silly tarball no local data for object-is@https://registry.npmjs.org/object-is/-/object-is-1.1.6.tgz. Extracting by manifest.
752 silly tarball no local data for isarray@https://registry.npmjs.org/isarray/-/isarray-2.0.5.tgz. Extracting by manifest.
753 silly tarball no local data for is-shared-array-buffer@https://registry.npmjs.org/is-shared-array-buffer/-/is-shared-array-buffer-1.0.4.tgz. Extracting by manifest.
754 silly tarball no local data for is-regex@https://registry.npmjs.org/is-regex/-/is-regex-1.2.1.tgz. Extracting by manifest.
755 silly tarball no local data for is-date-object@https://registry.npmjs.org/is-date-object/-/is-date-object-1.1.0.tgz. Extracting by manifest.
756 silly tarball no local data for is-array-buffer@https://registry.npmjs.org/is-array-buffer/-/is-array-buffer-3.0.5.tgz. Extracting by manifest.
757 silly tarball no local data for is-arguments@https://registry.npmjs.org/is-arguments/-/is-arguments-1.2.0.tgz. Extracting by manifest.
758 silly tarball no local data for get-intrinsic@https://registry.npmjs.org/get-intrinsic/-/get-intrinsic-1.3.0.tgz. Extracting by manifest.
759 silly tarball no local data for es-get-iterator@https://registry.npmjs.org/es-get-iterator/-/es-get-iterator-1.1.3.tgz. Extracting by manifest.
760 silly tarball no local data for call-bind@https://registry.npmjs.org/call-bind/-/call-bind-1.0.9.tgz. Extracting by manifest.
761 silly tarball no local data for array-buffer-byte-length@https://registry.npmjs.org/array-buffer-byte-length/-/array-buffer-byte-length-1.0.2.tgz. Extracting by manifest.
762 silly tarball no local data for rimraf@https://registry.npmjs.org/rimraf/-/rimraf-2.7.1.tgz. Extracting by manifest.
763 silly tarball no local data for ncp@https://registry.npmjs.org/ncp/-/ncp-0.4.2.tgz. Extracting by manifest.
764 silly tarball no local data for mkdirp@https://registry.npmjs.org/mkdirp/-/mkdirp-0.5.6.tgz. Extracting by manifest.
765 silly tarball no local data for i@https://registry.npmjs.org/i/-/i-0.3.7.tgz. Extracting by manifest.
766 silly tarball no local data for deep-equal@https://registry.npmjs.org/deep-equal/-/deep-equal-2.2.3.tgz. Extracting by manifest.
767 silly tarball no local data for async@https://registry.npmjs.org/async/-/async-0.2.10.tgz. Extracting by manifest.
768 silly tarball no local data for mute-stream@https://registry.npmjs.org/mute-stream/-/mute-stream-0.0.8.tgz. Extracting by manifest.
769 silly tarball no local data for winston@https://registry.npmjs.org/winston/-/winston-0.8.3.tgz. Extracting by manifest.
770 silly tarball no local data for pkginfo@https://registry.npmjs.org/pkginfo/-/pkginfo-0.3.1.tgz. Extracting by manifest.
771 silly tarball no local data for utile@https://registry.npmjs.org/utile/-/utile-0.2.1.tgz. Extracting by manifest.
772 silly tarball no local data for revalidator@https://registry.npmjs.org/revalidator/-/revalidator-0.1.8.tgz. Extracting by manifest.
773 silly tarball no local data for read@https://registry.npmjs.org/read/-/read-1.0.7.tgz. Extracting by manifest.
774 silly tarball no local data for pkginfo@https://registry.npmjs.org/pkginfo/-/pkginfo-0.4.1.tgz. Extracting by manifest.
775 silly tarball no local data for ansi-regex@https://registry.npmjs.org/ansi-regex/-/ansi-regex-2.1.1.tgz. Extracting by manifest.
776 silly tarball no local data for supports-color@https://registry.npmjs.org/supports-color/-/supports-color-2.0.0.tgz. Extracting by manifest.
777 silly tarball no local data for has-ansi@https://registry.npmjs.org/has-ansi/-/has-ansi-2.0.0.tgz. Extracting by manifest.
778 silly tarball no local data for strip-ansi@https://registry.npmjs.org/strip-ansi/-/strip-ansi-3.0.1.tgz. Extracting by manifest.
779 silly tarball no local data for escape-string-regexp@https://registry.npmjs.org/escape-string-regexp/-/escape-string-regexp-1.0.5.tgz. Extracting by manifest.
780 silly tarball no local data for ansi-styles@https://registry.npmjs.org/ansi-styles/-/ansi-styles-2.2.1.tgz. Extracting by manifest.
781 silly tarball no local data for semver@https://registry.npmjs.org/semver/-/semver-5.7.2.tgz. Extracting by manifest.
782 silly tarball no local data for minimist@https://registry.npmjs.org/minimist/-/minimist-1.2.8.tgz. Extracting by manifest.
783 silly tarball no local data for prompt@https://registry.npmjs.org/prompt/-/prompt-0.2.14.tgz. Extracting by manifest.
784 silly tarball no local data for chalk@https://registry.npmjs.org/chalk/-/chalk-1.1.3.tgz. Extracting by manifest.
785 http fetch GET 200 https://registry.npmjs.org/is-callable/-/is-callable-1.2.7.tgz 91ms (cache miss)
786 http fetch GET 200 https://registry.npmjs.org/cycle/-/cycle-1.0.3.tgz 91ms (cache miss)
787 http fetch GET 200 https://registry.npmjs.org/stack-trace/-/stack-trace-0.0.10.tgz 92ms (cache miss)
788 http fetch GET 200 https://registry.npmjs.org/colors/-/colors-0.6.2.tgz 91ms (cache miss)
789 http fetch GET 200 https://registry.npmjs.org/eyes/-/eyes-0.1.8.tgz 93ms (cache miss)
790 http fetch GET 200 https://registry.npmjs.org/react-native-cli/-/react-native-cli-2.0.1.tgz 94ms (cache miss)
791 http fetch GET 200 https://registry.npmjs.org/isstream/-/isstream-0.1.2.tgz 93ms (cache miss)
792 http fetch GET 200 https://registry.npmjs.org/side-channel-map/-/side-channel-map-1.0.1.tgz 142ms (cache miss)
793 http fetch GET 200 https://registry.npmjs.org/is-bigint/-/is-bigint-1.1.0.tgz 142ms (cache miss)
794 http fetch GET 200 https://registry.npmjs.org/internal-slot/-/internal-slot-1.1.0.tgz 143ms (cache miss)
795 http fetch GET 200 https://registry.npmjs.org/side-channel-list/-/side-channel-list-1.0.1.tgz 142ms (cache miss)
796 http fetch GET 200 https://registry.npmjs.org/side-channel-weakmap/-/side-channel-weakmap-1.0.2.tgz 143ms (cache miss)
797 http fetch GET 200 https://registry.npmjs.org/is-symbol/-/is-symbol-1.1.1.tgz 144ms (cache miss)
798 http fetch GET 200 https://registry.npmjs.org/is-boolean-object/-/is-boolean-object-1.2.2.tgz 145ms (cache miss)
799 http fetch GET 200 https://registry.npmjs.org/functions-have-names/-/functions-have-names-1.2.3.tgz 162ms (cache miss)
800 http fetch GET 200 https://registry.npmjs.org/concat-map/-/concat-map-0.0.1.tgz 186ms (cache miss)
801 http fetch GET 200 https://registry.npmjs.org/brace-expansion/-/brace-expansion-1.1.14.tgz 185ms (cache miss)
802 http fetch GET 200 https://registry.npmjs.org/wrappy/-/wrappy-1.0.2.tgz 187ms (cache miss)
803 http fetch GET 200 https://registry.npmjs.org/possible-typed-array-names/-/possible-typed-array-names-1.1.0.tgz 195ms (cache miss)
804 http fetch GET 200 https://registry.npmjs.org/balanced-match/-/balanced-match-1.0.2.tgz 194ms (cache miss)
805 http fetch GET 200 https://registry.npmjs.org/path-is-absolute/-/path-is-absolute-1.0.1.tgz 194ms (cache miss)
806 http fetch GET 200 https://registry.npmjs.org/has-bigints/-/has-bigints-1.1.0.tgz 206ms (cache miss)
807 http fetch GET 200 https://registry.npmjs.org/object-inspect/-/object-inspect-1.13.4.tgz 212ms (cache miss)
808 http fetch GET 200 https://registry.npmjs.org/is-weakset/-/is-weakset-2.0.4.tgz 216ms (cache miss)
809 http fetch GET 200 https://registry.npmjs.org/available-typed-arrays/-/available-typed-arrays-1.0.7.tgz 216ms (cache miss)
810 http fetch GET 200 https://registry.npmjs.org/is-number-object/-/is-number-object-1.1.1.tgz 215ms (cache miss)
811 http fetch GET 200 https://registry.npmjs.org/is-weakmap/-/is-weakmap-2.0.2.tgz 216ms (cache miss)
812 http fetch GET 200 https://registry.npmjs.org/for-each/-/for-each-0.3.5.tgz 216ms (cache miss)
813 http fetch GET 200 https://registry.npmjs.org/safe-regex-test/-/safe-regex-test-1.1.0.tgz 216ms (cache miss)
814 http fetch GET 200 https://registry.npmjs.org/once/-/once-1.4.0.tgz 217ms (cache miss)
815 http fetch GET 200 https://registry.npmjs.org/minimatch/-/minimatch-3.1.5.tgz 217ms (cache miss)
816 http fetch GET 200 https://registry.npmjs.org/inflight/-/inflight-1.0.6.tgz 217ms (cache miss)
817 warn deprecated inflight@1.0.6: This module is not supported, and leaks memory. Do not use it. Check out lru-cache if you want a good and tested way to coalesce async requests by a key value, which is much more comprehensive and powerful.
818 http fetch GET 200 https://registry.npmjs.org/fs.realpath/-/fs.realpath-1.0.0.tgz 219ms (cache miss)
819 http fetch GET 200 https://registry.npmjs.org/inherits/-/inherits-2.0.4.tgz 244ms (cache miss)
820 http fetch GET 200 https://registry.npmjs.org/glob/-/glob-7.2.3.tgz 244ms (cache miss)
821 warn deprecated glob@7.2.3: Old versions of glob are not supported, and contain widely publicized security vulnerabilities, which have been fixed in the current version. Please update. Support for old versions may be purchased (at exorbitant rates) by contacting i@izs.me
822 http fetch GET 200 https://registry.npmjs.org/define-properties/-/define-properties-1.2.1.tgz 245ms (cache miss)
823 http fetch GET 200 https://registry.npmjs.org/set-function-name/-/set-function-name-2.0.2.tgz 245ms (cache miss)
824 http fetch GET 200 https://registry.npmjs.org/has-property-descriptors/-/has-property-descriptors-1.0.2.tgz 245ms (cache miss)
825 http fetch GET 200 https://registry.npmjs.org/hasown/-/hasown-2.0.3.tgz 245ms (cache miss)
826 http fetch GET 200 https://registry.npmjs.org/gopd/-/gopd-1.2.0.tgz 246ms (cache miss)
827 http fetch GET 200 https://registry.npmjs.org/define-data-property/-/define-data-property-1.1.4.tgz 249ms (cache miss)
828 http fetch GET 200 https://registry.npmjs.org/dunder-proto/-/dunder-proto-1.0.1.tgz 249ms (cache miss)
829 http fetch GET 200 https://registry.npmjs.org/has-tostringtag/-/has-tostringtag-1.0.2.tgz 251ms (cache miss)
830 http fetch GET 200 https://registry.npmjs.org/math-intrinsics/-/math-intrinsics-1.1.0.tgz 251ms (cache miss)
831 http fetch GET 200 https://registry.npmjs.org/is-string/-/is-string-1.1.1.tgz 265ms (cache miss)
832 http fetch GET 200 https://registry.npmjs.org/stop-iteration-iterator/-/stop-iteration-iterator-1.1.0.tgz 266ms (cache miss)
833 http fetch GET 200 https://registry.npmjs.org/get-proto/-/get-proto-1.0.1.tgz 269ms (cache miss)
834 http fetch GET 200 https://registry.npmjs.org/es-object-atoms/-/es-object-atoms-1.1.1.tgz 269ms (cache miss)
835 http fetch GET 200 https://registry.npmjs.org/set-function-length/-/set-function-length-1.2.2.tgz 270ms (cache miss)
836 http fetch GET 200 https://registry.npmjs.org/is-set/-/is-set-2.0.3.tgz 287ms (cache miss)
837 http fetch GET 200 https://registry.npmjs.org/function-bind/-/function-bind-1.1.2.tgz 287ms (cache miss)
838 http fetch GET 200 https://registry.npmjs.org/es-define-property/-/es-define-property-1.0.1.tgz 290ms (cache miss)
839 http fetch GET 200 https://registry.npmjs.org/call-bound/-/call-bound-1.0.4.tgz 293ms (cache miss)
840 http fetch GET 200 https://registry.npmjs.org/is-map/-/is-map-2.0.3.tgz 294ms (cache miss)
841 http fetch GET 200 https://registry.npmjs.org/which-collection/-/which-collection-1.0.2.tgz 293ms (cache miss)
842 http fetch GET 200 https://registry.npmjs.org/call-bind-apply-helpers/-/call-bind-apply-helpers-1.0.2.tgz 293ms (cache miss)
843 http fetch GET 200 https://registry.npmjs.org/has-symbols/-/has-symbols-1.1.0.tgz 295ms (cache miss)
844 http fetch GET 200 https://registry.npmjs.org/es-errors/-/es-errors-1.3.0.tgz 294ms (cache miss)
845 http fetch GET 200 https://registry.npmjs.org/which-typed-array/-/which-typed-array-1.1.20.tgz 294ms (cache miss)
846 http fetch GET 200 https://registry.npmjs.org/side-channel/-/side-channel-1.1.0.tgz 300ms (cache miss)
847 http fetch GET 200 https://registry.npmjs.org/which-boxed-primitive/-/which-boxed-primitive-1.1.1.tgz 302ms (cache miss)
848 http fetch GET 200 https://registry.npmjs.org/regexp.prototype.flags/-/regexp.prototype.flags-1.5.4.tgz 301ms (cache miss)
849 http fetch GET 200 https://registry.npmjs.org/object-keys/-/object-keys-1.1.1.tgz 306ms (cache miss)
850 http fetch GET 200 https://registry.npmjs.org/object.assign/-/object.assign-4.1.7.tgz 309ms (cache miss)
851 http fetch GET 200 https://registry.npmjs.org/isarray/-/isarray-2.0.5.tgz 323ms (cache miss)
852 http fetch GET 200 https://registry.npmjs.org/is-array-buffer/-/is-array-buffer-3.0.5.tgz 341ms (cache miss)
853 http fetch GET 200 https://registry.npmjs.org/is-date-object/-/is-date-object-1.1.0.tgz 342ms (cache miss)
854 http fetch GET 200 https://registry.npmjs.org/is-regex/-/is-regex-1.2.1.tgz 344ms (cache miss)
855 http fetch GET 200 https://registry.npmjs.org/is-shared-array-buffer/-/is-shared-array-buffer-1.0.4.tgz 346ms (cache miss)
856 http fetch GET 200 https://registry.npmjs.org/array-buffer-byte-length/-/array-buffer-byte-length-1.0.2.tgz 346ms (cache miss)
857 http fetch GET 200 https://registry.npmjs.org/rimraf/-/rimraf-2.7.1.tgz 348ms (cache miss)
858 warn deprecated rimraf@2.7.1: Rimraf versions prior to v4 are no longer supported
859 http fetch GET 200 https://registry.npmjs.org/call-bind/-/call-bind-1.0.9.tgz 349ms (cache miss)
860 http fetch GET 200 https://registry.npmjs.org/is-arguments/-/is-arguments-1.2.0.tgz 350ms (cache miss)
861 http fetch GET 200 https://registry.npmjs.org/get-intrinsic/-/get-intrinsic-1.3.0.tgz 352ms (cache miss)
862 http fetch GET 200 https://registry.npmjs.org/es-get-iterator/-/es-get-iterator-1.1.3.tgz 352ms (cache miss)
863 http fetch GET 200 https://registry.npmjs.org/object-is/-/object-is-1.1.6.tgz 358ms (cache miss)
864 http fetch GET 200 https://registry.npmjs.org/ncp/-/ncp-0.4.2.tgz 358ms (cache miss)
865 http fetch GET 200 https://registry.npmjs.org/i/-/i-0.3.7.tgz 357ms (cache miss)
866 http fetch GET 200 https://registry.npmjs.org/mkdirp/-/mkdirp-0.5.6.tgz 358ms (cache miss)
867 http fetch GET 200 https://registry.npmjs.org/mute-stream/-/mute-stream-0.0.8.tgz 368ms (cache miss)
868 http fetch GET 200 https://registry.npmjs.org/read/-/read-1.0.7.tgz 374ms (cache miss)
869 http fetch GET 200 https://registry.npmjs.org/revalidator/-/revalidator-0.1.8.tgz 379ms (cache miss)
870 http fetch GET 200 https://registry.npmjs.org/async/-/async-0.2.10.tgz 380ms (cache miss)
871 http fetch GET 200 https://registry.npmjs.org/pkginfo/-/pkginfo-0.3.1.tgz 381ms (cache miss)
872 http fetch GET 200 https://registry.npmjs.org/utile/-/utile-0.2.1.tgz 380ms (cache miss)
873 http fetch GET 200 https://registry.npmjs.org/supports-color/-/supports-color-2.0.0.tgz 386ms (cache miss)
874 http fetch GET 200 https://registry.npmjs.org/ansi-regex/-/ansi-regex-2.1.1.tgz 388ms (cache miss)
875 http fetch GET 200 https://registry.npmjs.org/deep-equal/-/deep-equal-2.2.3.tgz 392ms (cache miss)
876 http fetch GET 200 https://registry.npmjs.org/pkginfo/-/pkginfo-0.4.1.tgz 392ms (cache miss)
877 http fetch GET 200 https://registry.npmjs.org/strip-ansi/-/strip-ansi-3.0.1.tgz 391ms (cache miss)
878 http fetch GET 200 https://registry.npmjs.org/escape-string-regexp/-/escape-string-regexp-1.0.5.tgz 391ms (cache miss)
879 http fetch GET 200 https://registry.npmjs.org/ansi-styles/-/ansi-styles-2.2.1.tgz 392ms (cache miss)
880 http fetch GET 200 https://registry.npmjs.org/has-ansi/-/has-ansi-2.0.0.tgz 394ms (cache miss)
881 http fetch GET 200 https://registry.npmjs.org/winston/-/winston-0.8.3.tgz 408ms (cache miss)
882 http fetch GET 200 https://registry.npmjs.org/minimist/-/minimist-1.2.8.tgz 413ms (cache miss)
883 http fetch GET 200 https://registry.npmjs.org/semver/-/semver-5.7.2.tgz 415ms (cache miss)
884 http fetch GET 200 https://registry.npmjs.org/chalk/-/chalk-1.1.3.tgz 415ms (cache miss)
885 http fetch GET 200 https://registry.npmjs.org/prompt/-/prompt-0.2.14.tgz 417ms (cache miss)
886 silly ADD node_modules/react-native-cli
887 silly ADD node_modules/react-native-cli/node_modules/stack-trace
888 silly ADD node_modules/react-native-cli/node_modules/isstream
889 silly ADD node_modules/react-native-cli/node_modules/eyes
890 silly ADD node_modules/react-native-cli/node_modules/cycle
891 silly ADD node_modules/react-native-cli/node_modules/colors
892 silly ADD node_modules/react-native-cli/node_modules/is-callable
893 silly ADD node_modules/react-native-cli/node_modules/possible-typed-array-names
894 silly ADD node_modules/react-native-cli/node_modules/for-each
895 silly ADD node_modules/react-native-cli/node_modules/available-typed-arrays
896 silly ADD node_modules/react-native-cli/node_modules/is-weakset
897 silly ADD node_modules/react-native-cli/node_modules/is-weakmap
898 silly ADD node_modules/react-native-cli/node_modules/safe-regex-test
899 silly ADD node_modules/react-native-cli/node_modules/has-bigints
900 silly ADD node_modules/react-native-cli/node_modules/is-symbol
901 silly ADD node_modules/react-native-cli/node_modules/is-number-object
902 silly ADD node_modules/react-native-cli/node_modules/is-boolean-object
903 silly ADD node_modules/react-native-cli/node_modules/is-bigint
904 silly ADD node_modules/react-native-cli/node_modules/internal-slot
905 silly ADD node_modules/react-native-cli/node_modules/side-channel-weakmap
906 silly ADD node_modules/react-native-cli/node_modules/side-channel-map
907 silly ADD node_modules/react-native-cli/node_modules/side-channel-list
908 silly ADD node_modules/react-native-cli/node_modules/object-inspect
909 silly ADD node_modules/react-native-cli/node_modules/functions-have-names
910 silly ADD node_modules/react-native-cli/node_modules/concat-map
911 silly ADD node_modules/react-native-cli/node_modules/balanced-match
912 silly ADD node_modules/react-native-cli/node_modules/brace-expansion
913 silly ADD node_modules/react-native-cli/node_modules/wrappy
914 silly ADD node_modules/react-native-cli/node_modules/path-is-absolute
915 silly ADD node_modules/react-native-cli/node_modules/once
916 silly ADD node_modules/react-native-cli/node_modules/minimatch
917 silly ADD node_modules/react-native-cli/node_modules/inherits
918 silly ADD node_modules/react-native-cli/node_modules/inflight
919 silly ADD node_modules/react-native-cli/node_modules/fs.realpath
920 silly ADD node_modules/react-native-cli/node_modules/glob
921 silly ADD node_modules/react-native-cli/node_modules/set-function-name
922 silly ADD node_modules/react-native-cli/node_modules/has-property-descriptors
923 silly ADD node_modules/react-native-cli/node_modules/define-data-property
924 silly ADD node_modules/react-native-cli/node_modules/define-properties
925 silly ADD node_modules/react-native-cli/node_modules/has-tostringtag
926 silly ADD node_modules/react-native-cli/node_modules/dunder-proto
927 silly ADD node_modules/react-native-cli/node_modules/math-intrinsics
928 silly ADD node_modules/react-native-cli/node_modules/hasown
929 silly ADD node_modules/react-native-cli/node_modules/gopd
930 silly ADD node_modules/react-native-cli/node_modules/get-proto
931 silly ADD node_modules/react-native-cli/node_modules/es-object-atoms
932 silly ADD node_modules/react-native-cli/node_modules/stop-iteration-iterator
933 silly ADD node_modules/react-native-cli/node_modules/is-string
934 silly ADD node_modules/react-native-cli/node_modules/is-set
935 silly ADD node_modules/react-native-cli/node_modules/is-map
936 silly ADD node_modules/react-native-cli/node_modules/has-symbols
937 silly ADD node_modules/react-native-cli/node_modules/function-bind
938 silly ADD node_modules/react-native-cli/node_modules/es-errors
939 silly ADD node_modules/react-native-cli/node_modules/set-function-length
940 silly ADD node_modules/react-native-cli/node_modules/es-define-property
941 silly ADD node_modules/react-native-cli/node_modules/call-bind-apply-helpers
942 silly ADD node_modules/react-native-cli/node_modules/call-bound
943 silly ADD node_modules/react-native-cli/node_modules/which-typed-array
944 silly ADD node_modules/react-native-cli/node_modules/which-collection
945 silly ADD node_modules/react-native-cli/node_modules/which-boxed-primitive
946 silly ADD node_modules/react-native-cli/node_modules/side-channel
947 silly ADD node_modules/react-native-cli/node_modules/regexp.prototype.flags
948 silly ADD node_modules/react-native-cli/node_modules/object.assign
949 silly ADD node_modules/react-native-cli/node_modules/object-keys
950 silly ADD node_modules/react-native-cli/node_modules/object-is
951 silly ADD node_modules/react-native-cli/node_modules/isarray
952 silly ADD node_modules/react-native-cli/node_modules/is-shared-array-buffer
953 silly ADD node_modules/react-native-cli/node_modules/is-regex
954 silly ADD node_modules/react-native-cli/node_modules/is-date-object
955 silly ADD node_modules/react-native-cli/node_modules/is-array-buffer
956 silly ADD node_modules/react-native-cli/node_modules/is-arguments
957 silly ADD node_modules/react-native-cli/node_modules/get-intrinsic
958 silly ADD node_modules/react-native-cli/node_modules/es-get-iterator
959 silly ADD node_modules/react-native-cli/node_modules/call-bind
960 silly ADD node_modules/react-native-cli/node_modules/array-buffer-byte-length
961 silly ADD node_modules/react-native-cli/node_modules/rimraf
962 silly ADD node_modules/react-native-cli/node_modules/ncp
963 silly ADD node_modules/react-native-cli/node_modules/mkdirp
964 silly ADD node_modules/react-native-cli/node_modules/i
965 silly ADD node_modules/react-native-cli/node_modules/deep-equal
966 silly ADD node_modules/react-native-cli/node_modules/async
967 silly ADD node_modules/react-native-cli/node_modules/mute-stream
968 silly ADD node_modules/react-native-cli/node_modules/winston
969 silly ADD node_modules/react-native-cli/node_modules/winston/node_modules/pkginfo
970 silly ADD node_modules/react-native-cli/node_modules/utile
971 silly ADD node_modules/react-native-cli/node_modules/revalidator
972 silly ADD node_modules/react-native-cli/node_modules/read
973 silly ADD node_modules/react-native-cli/node_modules/pkginfo
974 silly ADD node_modules/react-native-cli/node_modules/ansi-regex
975 silly ADD node_modules/react-native-cli/node_modules/supports-color
976 silly ADD node_modules/react-native-cli/node_modules/strip-ansi
977 silly ADD node_modules/react-native-cli/node_modules/has-ansi
978 silly ADD node_modules/react-native-cli/node_modules/escape-string-regexp
979 silly ADD node_modules/react-native-cli/node_modules/ansi-styles
980 silly ADD node_modules/react-native-cli/node_modules/semver
981 silly ADD node_modules/react-native-cli/node_modules/prompt
982 silly ADD node_modules/react-native-cli/node_modules/minimist
983 silly ADD node_modules/react-native-cli/node_modules/chalk
984 verbose cwd /data/data/com.termux/files/home
985 verbose os Linux 6.6.77-android15-8-31998796-abogkiS938USQS9BZCL-4k
986 verbose node v25.8.2
987 verbose npm  v11.13.0
988 verbose exit 0
989 info ok
